Component: ARM Compiler 5.06 update 6 (build 750) Tool: armlink [4d35ed]

==============================================================================

Section Cross References

    startup_stm32f429xx.o(STACK) refers (Special) to heapauxi.o(.text) for __use_two_region_memory
    startup_stm32f429xx.o(HEAP) refers (Special) to heapauxi.o(.text) for __use_two_region_memory
    startup_stm32f429xx.o(RESET) refers (Special) to heapauxi.o(.text) for __use_two_region_memory
    startup_stm32f429xx.o(RESET) refers to startup_stm32f429xx.o(STACK) for __initial_sp
    startup_stm32f429xx.o(RESET) refers to startup_stm32f429xx.o(.text) for Reset_Handler
    startup_stm32f429xx.o(RESET) refers to stm32f4xx_it.o(i.NMI_Handler) for NMI_Handler
    startup_stm32f429xx.o(RESET) refers to stm32f4xx_it.o(i.HardFault_Handler) for HardFault_Handler
    startup_stm32f429xx.o(RESET) refers to stm32f4xx_it.o(i.MemManage_Handler) for MemManage_Handler
    startup_stm32f429xx.o(RESET) refers to stm32f4xx_it.o(i.BusFault_Handler) for BusFault_Handler
    startup_stm32f429xx.o(RESET) refers to stm32f4xx_it.o(i.UsageFault_Handler) for UsageFault_Handler
    startup_stm32f429xx.o(RESET) refers to stm32f4xx_it.o(i.SVC_Handler) for SVC_Handler
    startup_stm32f429xx.o(RESET) refers to stm32f4xx_it.o(i.DebugMon_Handler) for DebugMon_Handler
    startup_stm32f429xx.o(RESET) refers to stm32f4xx_it.o(i.PendSV_Handler) for PendSV_Handler
    startup_stm32f429xx.o(RESET) refers to stm32f4xx_it.o(i.TIM6_DAC_IRQHandler) for TIM6_DAC_IRQHandler
    startup_stm32f429xx.o(RESET) refers to stm32f4xx_it.o(i.OTG_HS_IRQHandler) for OTG_HS_IRQHandler
    startup_stm32f429xx.o(RESET) refers to stm32f4xx_it.o(i.LTDC_IRQHandler) for LTDC_IRQHandler
    startup_stm32f429xx.o(RESET) refers to stm32f4xx_it.o(i.DMA2D_IRQHandler) for DMA2D_IRQHandler
    startup_stm32f429xx.o(.text) refers (Special) to heapauxi.o(.text) for __use_two_region_memory
    startup_stm32f429xx.o(.text) refers to system_stm32f4xx.o(i.SystemInit) for SystemInit
    startup_stm32f429xx.o(.text) refers to __main.o(!!!main) for __main
    startup_stm32f429xx.o(.text) refers to startup_stm32f429xx.o(HEAP) for Heap_Mem
    startup_stm32f429xx.o(.text) refers to startup_stm32f429xx.o(STACK) for Stack_Mem
    pioneer.o(i._Z5setupv) refers to _printf_percent.o(.ARM.Collect$$_printf_percent$$00000000) for _printf_percent
    pioneer.o(i._Z5setupv) refers to _printf_s.o(.ARM.Collect$$_printf_percent$$00000014) for _printf_s
    pioneer.o(i._Z5setupv) refers to _printf_str.o(.text) for _printf_str
    pioneer.o(i._Z5setupv) refers to _printf_d.o(.ARM.Collect$$_printf_percent$$00000009) for _printf_d
    pioneer.o(i._Z5setupv) refers to _printf_dec.o(.text) for _printf_int_dec
    pioneer.o(i._Z5setupv) refers to pioneer.o(i._ZN12StepperMotor7settingEjPKc8RUNSTATEjj) for StepperMotor::setting(unsigned, const char*, RUNSTATE, unsigned, unsigned)
    pioneer.o(i._Z5setupv) refers to rt_memcpy_w.o(.text) for __aeabi_memcpy4
    pioneer.o(i._Z5setupv) refers to motors.o(i._ZN12StepperMotor3runE13ROT_DIRECTIONjj) for StepperMotor::run(ROT_DIRECTION, unsigned, unsigned)
    pioneer.o(i._Z5setupv) refers to noretval__2printf.o(.text) for __2printf
    pioneer.o(i._Z5setupv) refers to pioneer.o(.data) for .data
    pioneer.o(i._Z5setupv) refers to pioneer.o(.bss) for .bss
    pioneer.o(.ARM.exidx) refers to pioneer.o(i._Z5setupv) for i._Z5setupv
    motors.o(i._ZN12StepperMotor3runE13ROT_DIRECTIONjj) refers to rt_memcpy_w.o(.text) for __aeabi_memcpy4
    motors.o(i._ZN12StepperMotor3runE13ROT_DIRECTIONjj) refers to stm32f4xx_hal_gpio.o(i.HAL_GPIO_WritePin) for HAL_GPIO_WritePin
    motors.o(i._ZN12StepperMotor3runE13ROT_DIRECTIONjj) refers to stm32f4xx_hal.o(i.HAL_Delay) for HAL_Delay
    motors.o(i._ZN12StepperMotor3runE13ROT_DIRECTIONjj) refers to stm32f4xx_hal_tim.o(i.HAL_TIM_PWM_Start_IT) for HAL_TIM_PWM_Start_IT
    motors.o(i._ZN12StepperMotorC1Ev) refers to motors.o(.constdata__ZTV12StepperMotor) for vtable for StepperMotor
    motors.o(.ARM.exidx) refers to motors.o(i._Z10checkServoR10ServoMotor) for i._Z10checkServoR10ServoMotor
    motors.o(.ARM.exidx) refers to motors.o(i._ZN5MotorD1Ev) for i._ZN5MotorD1Ev
    motors.o(.ARM.exidx) refers to motors.o(i._ZN12StepperMotorC1Ev) for i._ZN12StepperMotorC1Ev
    motors.o(.ARM.exidx) refers to motors.o(i._ZN12StepperMotorD1Ev) for i._ZN12StepperMotorD1Ev
    motors.o(.ARM.exidx) refers to motors.o(i._ZN12StepperMotor19setRequiredPositionEj) for i._ZN12StepperMotor19setRequiredPositionEj
    motors.o(.ARM.exidx) refers to motors.o(i._ZN12StepperMotor18setCurrentPositionEj) for i._ZN12StepperMotor18setCurrentPositionEj
    motors.o(.ARM.exidx) refers to motors.o(i._ZN12StepperMotor12setSettingPREj) for i._ZN12StepperMotor12setSettingPREj
    motors.o(.ARM.exidx) refers to motors.o(i._ZN12StepperMotor3runE13ROT_DIRECTIONjj) for i._ZN12StepperMotor3runE13ROT_DIRECTIONjj
[...]
    i._ZN26_INTERNAL_5_fmc_c_cfd0c64215HAL_FMC_MspInitEv 0x08003940   Section        0  fmc.o(i._ZN26_INTERNAL_5_fmc_c_cfd0c64215HAL_FMC_MspInitEv)
    [local to fmc_c]::HAL_FMC_MspInit()      0x08003941   Thumb Code   188  fmc.o(i._ZN26_INTERNAL_5_fmc_c_cfd0c64215HAL_FMC_MspInitEv)
    i._ZN40_INTERNAL_18_stm32f4xx_ll_usb_c_832330cf13USB_CoreResetEP21USB_OTG_GlobalTypeDef 0x08003a1c   Section        0  stm32f4xx_ll_usb.o(i._ZN40_INTERNAL_18_stm32f4xx_ll_usb_c_832330cf13USB_CoreResetEP21USB_OTG_GlobalTypeDef)
    [local to stm32f4xx_ll_usb_c]::USB_CoreReset(USB_OTG_GlobalTypeDef*) 0x08003a1d   Thumb Code    50  stm32f4xx_ll_usb.o(i._ZN40_INTERNAL_18_stm32f4xx_ll_usb_c_832330cf13USB_CoreResetEP21USB_OTG_GlobalTypeDef)
    i._ZN41_INTERNAL_19_stm32f4xx_hal_hcd_c_95029a4d19HCD_Port_IRQHandlerEP17HCD_HandleTypeDef 0x08003a54   Section        0  stm32f4xx_hal_hcd.o(i._ZN41_INTERNAL_19_stm32f4xx_hal_hcd_c_95029a4d19HCD_Port_IRQHandlerEP17HCD_HandleTypeDef)
    [local to stm32f4xx_hal_hcd_c]::HCD_Port_IRQHandler(HCD_HandleTypeDef*) 0x08003a55   Thumb Code   148  stm32f4xx_hal_hcd.o(i._ZN41_INTERNAL_19_stm32f4xx_hal_hcd_c_95029a4d19HCD_Port_IRQHandlerEP17HCD_HandleTypeDef)
    i._ZN41_INTERNAL_19_stm32f4xx_hal_hcd_c_95029a4d20HCD_HC_IN_IRQHandlerEP17HCD_HandleTypeDefh 0x08003ae8   Section        0  stm32f4xx_hal_hcd.o(i._ZN41_INTERNAL_19_stm32f4xx_hal_hcd_c_95029a4d20HCD_HC_IN_IRQHandlerEP17HCD_HandleTypeDefh)
    [local to stm32f4xx_hal_hcd_c]::HCD_HC_IN_IRQHandler(HCD_HandleTypeDef*, unsigned char) 0x08003ae9   Thumb Code   632  stm32f4xx_hal_hcd.o(i._ZN41_INTERNAL_19_stm32f4xx_hal_hcd_c_95029a4d20HCD_HC_IN_IRQHandlerEP17HCD_HandleTypeDefh)
    i._ZN41_INTERNAL_19_stm32f4xx_hal_hcd_c_95029a4d21HCD_HC_OUT_IRQHandlerEP17HCD_HandleTypeDefh 0x08003d60   Section        0  stm32f4xx_hal_hcd.o(i._ZN41_INTERNAL_19_stm32f4xx_hal_hcd_c_95029a4d21HCD_HC_OUT_IRQHandlerEP17HCD_HandleTypeDefh)
    [local to stm32f4xx_hal_hcd_c]::HCD_HC_OUT_IRQHandler(HCD_HandleTypeDef*, unsigned char) 0x08003d61   Thumb Code   580  stm32f4xx_hal_hcd.o(i._ZN41_INTERNAL_19_stm32f4xx_hal_hcd_c_95029a4d21HCD_HC_OUT_IRQHandlerEP17HCD_HandleTypeDefh)
    i._ZN41_INTERNAL_19_stm32f4xx_hal_hcd_c_95029a4d21HCD_RXQLVL_IRQHandlerEP17HCD_HandleTypeDef 0x08003fa4   Section        0  stm32f4xx_hal_hcd.o(i._ZN41_INTERNAL_19_stm32f4xx_hal_hcd_c_95029a4d21HCD_RXQLVL_IRQHandlerEP17HCD_HandleTypeDef)
    [local to stm32f4xx_hal_hcd_c]::HCD_RXQLVL_IRQHandler(HCD_HandleTypeDef*) 0x08003fa5   Thumb Code   108  stm32f4xx_hal_hcd.o(i._ZN41_INTERNAL_19_stm32f4xx_hal_hcd_c_95029a4d21HCD_RXQLVL_IRQHandlerEP17HCD_HandleTypeDef)
    i._ZN41_INTERNAL_19_stm32f4xx_hal_tim_c_a9d95b5218TIM_ITRx_SetConfigEP11TIM_TypeDefj 0x08004014   Section        0  stm32f4xx_hal_tim.o(i._ZN41_INTERNAL_19_stm32f4xx_hal_tim_c_a9d95b5218TIM_ITRx_SetConfigEP11TIM_TypeDefj)
    [local to stm32f4xx_hal_tim_c]::TIM_ITRx_SetConfig(TIM_TypeDef*, unsigned) 0x08004015   Thumb Code    16  stm32f4xx_hal_tim.o(i._ZN41_INTERNAL_19_stm32f4xx_hal_tim_c_a9d95b5218TIM_ITRx_SetConfigEP11TIM_TypeDefj)
    i._ZN41_INTERNAL_19_stm32f4xx_hal_tim_c_a9d95b5224TIM_TI1_ConfigInputStageEP11TIM_TypeDefjj 0x08004024   Section        0  stm32f4xx_hal_tim.o(i._ZN41_INTERNAL_19_stm32f4xx_hal_tim_c_a9d95b5224TIM_TI1_ConfigInputStageEP11TIM_TypeDefjj)
    [local to stm32f4xx_hal_tim_c]::TIM_TI1_ConfigInputStage(TIM_TypeDef*, unsigned, unsigned) 0x08004025   Thumb Code    34  stm32f4xx_hal_tim.o(i._ZN41_INTERNAL_19_stm32f4xx_hal_tim_c_a9d95b5224TIM_TI1_ConfigInputStageEP11TIM_TypeDefjj)
    i._ZN41_INTERNAL_19_stm32f4xx_hal_tim_c_a9d95b5224TIM_TI2_ConfigInputStageEP11TIM_TypeDefjj 0x08004046   Section        0  stm32f4xx_hal_tim.o(i._ZN41_INTERNAL_19_stm32f4xx_hal_tim_c_a9d95b5224TIM_TI2_ConfigInputStageEP11TIM_TypeDefjj)
    [local to stm32f4xx_hal_tim_c]::TIM_TI2_ConfigInputStage(TIM_TypeDef*, unsigned, unsigned) 0x08004047   Thumb Code    36  stm32f4xx_hal_tim.o(i._ZN41_INTERNAL_19_stm32f4xx_hal_tim_c_a9d95b5224TIM_TI2_ConfigInputStageEP11TIM_TypeDefjj)
    i._ZN42_INTERNAL_20_stm32f4xx_hal_ltdc_c_fa7241fd14LTDC_SetConfigEP18LTDC_HandleTypeDefP20LTDC_LayerCfgTypeDefj 0x0800406a   Section        0  stm32f4xx_hal_ltdc.o(i._ZN42_INTERNAL_20_stm32f4xx_hal_ltdc_c_fa7241fd14LTDC_SetConfigEP18LTDC_HandleTypeDefP20LTDC_LayerCfgTypeDefj)
    [local to stm32f4xx_hal_ltdc_c]::LTDC_SetConfig(LTDC_HandleTypeDef*, LTDC_LayerCfgTypeDef*, unsigned) 0x0800406b   Thumb Code   354  stm32f4xx_hal_ltdc.o(i._ZN42_INTERNAL_20_stm32f4xx_hal_ltdc_c_fa7241fd14LTDC_SetConfigEP18LTDC_HandleTypeDefP20LTDC_LayerCfgTypeDefj)
    i._ZN42_INTERNAL_20_stm32f4xx_hal_uart_c_d497114f14UART_SetConfigEP20__UART_HandleTypeDef 0x080041cc   Section        0  stm32f4xx_hal_uart.o(i._ZN42_INTERNAL_20_stm32f4xx_hal_uart_c_d497114f14UART_SetConfigEP20__UART_HandleTypeDef)
    [local to stm32f4xx_hal_uart_c]::UART_SetConfig(__UART_HandleTypeDef*) 0x080041cd   Thumb Code   286  stm32f4xx_hal_uart.o(i._ZN42_INTERNAL_20_stm32f4xx_hal_uart_c_d497114f14UART_SetConfigEP20__UART_HandleTypeDef)
    i._ZN44_INTERNAL_22_stm32f4xx_hal_cortex_c_2992dbc018__NVIC_SetPriorityE9IRQn_Typej 0x080042f4   Section        0  stm32f4xx_hal_cortex.o(i._ZN44_INTERNAL_22_stm32f4xx_hal_cortex_c_2992dbc018__NVIC_SetPriorityE9IRQn_Typej)
    [local to stm32f4xx_hal_cortex_c]::__NVIC_SetPriority(IRQn_Type, unsigned) 0x080042f5   Thumb Code    32  stm32f4xx_hal_cortex.o(i._ZN44_INTERNAL_22_stm32f4xx_hal_cortex_c_2992dbc018__NVIC_SetPriorityE9IRQn_Typej)
    i.fputc                                  0x08004314   Section        0  fputc.o(i.fputc)
    i.main                                   0x0800432e   Section        0  main.o(i.main)
    x$fpl$fpinit                             0x08004364   Section       10  fpinit.o(x$fpl$fpinit)
    $v0                                      0x08004364   Number         0  fpinit.o(x$fpl$fpinit)
    .constdata                               0x0800436e   Section       16  system_stm32f4xx.o(.constdata)
    .constdata                               0x0800437e   Section        8  system_stm32f4xx.o(.constdata)
    .constdata                               0x08004386   Section        4  sys_io.o(.constdata)
    .constdata                               0x0800438a   Section        4  sys_io.o(.constdata)
    .constdata                               0x0800438e   Section        4  sys_io.o(.constdata)
    .data                                    0x20000000   Section        8  pioneer.o(.data)
    .data                                    0x20000008   Section        8  crc.o(.data)
    .data                                    0x20000010   Section        8  fmc.o(.data)
    FMC_Initialized                          0x20000010   Data           4  fmc.o(.data)
    FMC_DeInitialized                        0x20000014   Data           4  fmc.o(.data)
    .data                                    0x20000018   Section       12  stm32f4xx_hal.o(.data)
    .data                                    0x20000024   Section        4  system_stm32f4xx.o(.data)
    .data                                    0x20000028   Section        4  stdio_streams.o(.data)
    .data                                    0x2000002c   Section        4  stdio_streams.o(.data)
    .data                                    0x20000030   Section        4  stdio_streams.o(.data)
    .bss                                     0x20000034   Section       64  pioneer.o(.bss)
    .bss                                     0x20000074   Section       64  dma2d.o(.bss)
    .bss                                     0x200000b4   Section       52  fmc.o(.bss)
    .bss                                     0x200000e8   Section       84  i2c.o(.bss)
    .bss                                     0x2000013c   Section      168  ltdc.o(.bss)
    .bss                                     0x200001e4   Section       88  spi.o(.bss)
    .bss                                     0x2000023c   Section       64  tim.o(.bss)
    .bss                                     0x2000027c   Section       64  usart.o(.bss)
    .bss                                     0x200002bc   Section      708  usb_otg.o(.bss)
    .bss                                     0x20000580   Section       64  stm32f4xx_hal_timebase_tim.o(.bss)
    .bss                                     0x200005c0   Section       84  stdio_streams.o(.bss)
    .bss                                     0x20000614   Section       84  stdio_streams.o(.bss)
    .bss                                     0x20000668   Section       84  stdio_streams.o(.bss)
    .bss                                     0x200006bc   Section       96  libspace.o(.bss)
    HEAP                                     0x20000720   Section      512  startup_stm32f429xx.o(HEAP)
    Heap_Mem                                 0x20000720   Data         512  startup_stm32f429xx.o(HEAP)
    STACK                                    0x20000920   Section     1024  startup_stm32f429xx.o(STACK)
    Stack_Mem                                0x20000920   Data        1024  startup_stm32f429xx.o(STACK)
    __initial_sp                             0x20000d20   Data           0  startup_stm32f429xx.o(STACK)

    Global Symbols

    Symbol Name                              Value     Ov Type        Size  Object(Section)

    BuildAttributes$$THM_ISAv4$E$P$D$K$B$S$7EM$VFPi3$EXTD16$VFPS$VFMA$PE$A:L22UL41UL21$X:L11$S22US41US21$IEEE1$IW$USESV6$~STKCKD$USESV7$~SHL$OTIME$ROPI$EBA8$UX$STANDARDLIB$REQ8$PRES8$EABIv2 0x00000000   Number         0  anon$$obj.o ABSOLUTE
    __ARM_use_no_argv                        0x00000000   Number         0  main.o ABSOLUTE
    __ARM::default_unexpected_handler()       - Undefined Weak Reference
    __ARM_exceptions_buffer_required          - Undefined Weak Reference
    __ARM_exceptions_init                     - Undefined Weak Reference
    __alloca_initialize                       - Undefined Weak Reference
    __arm_preinit_                            - Undefined Weak Reference
    __cpp_initialize__aeabi_                  - Undefined Weak Reference
    __cxa_finalize                            - Undefined Weak Reference
    __rt_locale                               - Undefined Weak Reference
    __sigvec_lookup                           - Undefined Weak Reference
    __user_heap_extent                        - Undefined Weak Reference
    _atexit_init                              - Undefined Weak Reference
    _call_atexit_fns                          - Undefined Weak Reference
    _clock_init                               - Undefined Weak Reference
    _fp_trap_init                             - Undefined Weak Reference
    _fp_trap_shutdown                         - Undefined Weak Reference
    _get_lc_collate                           - Undefined Weak Reference
    _get_lc_ctype                             - Undefined Weak Reference
    _get_lc_monetary                          - Undefined Weak Reference
    _get_lc_numeric                           - Undefined Weak Reference
    _get_lc_time                              - Undefined Weak Reference
    _getenv_init                              - Undefined Weak Reference
    _handle_redirection                       - Undefined Weak Reference
    _mutex_acquire                            - Undefined Weak Reference
    _mutex_free                               - Undefined Weak Reference
    _mutex_release                            - Undefined Weak Reference
    _printf_mbtowc                            - Undefined Weak Reference
    _printf_post_padding                      - Undefined Weak Reference
    _printf_pre_padding                       - Undefined Weak Reference
    _printf_truncate_signed                   - Undefined Weak Reference
    _printf_truncate_unsigned                 - Undefined Weak Reference
    _rand_init                                - Undefined Weak Reference
    _signal_finish                            - Undefined Weak Reference
    _signal_init                              - Undefined Weak Reference
    __Vectors_Size                           0x000001ac   Number         0  startup_stm32f429xx.o ABSOLUTE
    __Vectors                                0x08000000   Data           4  startup_stm32f429xx.o(RESET)
    __Vectors_End                            0x080001ac   Data           0  startup_stm32f429xx.o(RESET)
    __main                                   0x080001ad   Thumb Code     8  __main.o(!!!main)
    __scatterload                            0x080001b5   Thumb Code     0  __scatter.o(!!!scatter)
    __scatterload_rt2                        0x080001b5   Thumb Code    44  __scatter.o(!!!scatter)
    __scatterload_rt2_thumb_only             0x080001b5   Thumb Code     0  __scatter.o(!!!scatter)
    __scatterload_null                       0x080001c3   Thumb Code     0  __scatter.o(!!!scatter)
    __scatterload_copy                       0x080001e9   Thumb Code    26  __scatter_copy.o(!!handler_copy)
    __scatterload_zeroinit                   0x08000205   Thumb Code    28  __scatter_zi.o(!!handler_zi)
    _printf_d                                0x08000221   Thumb Code     0  _printf_d.o(.ARM.Collect$$_printf_percent$$00000009)
    _printf_percent                          0x08000221   Thumb Code     0  _printf_percent.o(.ARM.Collect$$_printf_percent$$00000000)
    _printf_s                                0x08000227   Thumb Code     0  _printf_s.o(.ARM.Collect$$_printf_percent$$00000014)
    _printf_percent_end                      0x0800022d   Thumb Code     0  _printf_percent_end.o(.ARM.Collect$$_printf_percent$$00000017)
    __rt_lib_init                            0x08000231   Thumb Code     0  libinit.o(.ARM.Collect$$libinit$$00000000)
    __rt_lib_init_fp_1                       0x08000233   Thumb Code     0  libinit2.o(.ARM.Collect$$libinit$$00000001)
    __rt_lib_init_heap_2                     0x08000237   Thumb Code     0  libinit2.o(.ARM.Collect$$libinit$$00000005)
    __rt_lib_init_preinit_1                  0x08000237   Thumb Code     0  libinit2.o(.ARM.Collect$$libinit$$00000004)
    __rt_lib_init_atexit_1                   0x0800023f   Thumb Code     0  libinit2.o(.ARM.Collect$$libinit$$0000001B)
    __rt_lib_init_clock_1                    0x0800023f   Thumb Code     0  libinit2.o(.ARM.Collect$$libinit$$00000021)
    __rt_lib_init_fp_trap_1                  0x0800023f   Thumb Code     0  libinit2.o(.ARM.Collect$$libinit$$0000001F)
    __rt_lib_init_getenv_1                   0x0800023f   Thumb Code     0  libinit2.o(.ARM.Collect$$libinit$$00000023)
    __rt_lib_init_heap_1                     0x0800023f   Thumb Code     0  libinit2.o(.ARM.Collect$$libinit$$0000000A)
    __rt_lib_init_lc_collate_1               0x0800023f   Thumb Code     0  libinit2.o(.ARM.Collect$$libinit$$00000011)
    __rt_lib_init_lc_ctype_1                 0x0800023f   Thumb Code     0  libinit2.o(.ARM.Collect$$libinit$$00000013)
    __rt_lib_init_lc_monetary_1              0x0800023f   Thumb Code     0  libinit2.o(.ARM.Collect$$libinit$$00000015)
    __rt_lib_init_lc_numeric_1               0x0800023f   Thumb Code     0  libinit2.o(.ARM.Collect$$libinit$$00000017)
    __rt_lib_init_lc_time_1                  0x0800023f   Thumb Code     0  libinit2.o(.ARM.Collect$$libinit$$00000019)
    __rt_lib_init_rand_1                     0x0800023f   Thumb Code     0  libinit2.o(.ARM.Collect$$libinit$$0000000E)
    __rt_lib_init_signal_1                   0x0800023f   Thumb Code     0  libinit2.o(.ARM.Collect$$libinit$$0000001D)
    __rt_lib_init_stdio_2                    0x0800023f   Thumb Code     0  libinit2.o(.ARM.Collect$$libinit$$00000024)
    __rt_lib_init_user_alloc_1               0x0800023f   Thumb Code     0  libinit2.o(.ARM.Collect$$libinit$$0000000C)
    __rt_lib_init_alloca_1                   0x08000243   Thumb Code     0  libinit2.o(.ARM.Collect$$libinit$$0000002E)
    __rt_lib_init_argv_1                     0x08000243   Thumb Code     0  libinit2.o(.ARM.Collect$$libinit$$0000002C)
    __rt_lib_init_cpp_1                      0x08000243   Thumb Code     0  libinit2.o(.ARM.Collect$$libinit$$00000032)
    __rt_lib_init_exceptions_1               0x08000243   Thumb Code     0  libinit2.o(.ARM.Collect$$libinit$$00000030)
    __rt_lib_init_return                     0x08000243   Thumb Code     0  libinit2.o(.ARM.Collect$$libinit$$00000033)
    __rt_lib_init_stdio_1                    0x08000243   Thumb Code     0  libinit2.o(.ARM.Collect$$libinit$$00000025)
    __rt_lib_shutdown                        0x08000245   Thumb Code     0  libshutdown.o(.ARM.Collect$$libshutdown$$00000000)
    __rt_lib_shutdown_cpp_1                  0x08000247   Thumb Code     0  libshutdown2.o(.ARM.Collect$$libshutdown$$00000002)
    __rt_lib_shutdown_stdio_2                0x08000247   Thumb Code     0  libshutdown2.o(.ARM.Collect$$libshutdown$$00000003)
    __rt_lib_shutdown_fp_trap_1              0x0800024b   Thumb Code     0  libshutdown2.o(.ARM.Collect$$libshutdown$$00000007)
    __rt_lib_shutdown_heap_1                 0x0800024b   Thumb Code     0  libshutdown2.o(.ARM.Collect$$libshutdown$$0000000F)
    __rt_lib_shutdown_return                 0x0800024b   Thumb Code     0  libshutdown2.o(.ARM.Collect$$libshutdown$$00000010)
    __rt_lib_shutdown_signal_1               0x0800024b   Thumb Code     0  libshutdown2.o(.ARM.Collect$$libshutdown$$0000000A)
    __rt_lib_shutdown_stdio_1                0x0800024b   Thumb Code     0  libshutdown2.o(.ARM.Collect$$libshutdown$$00000004)
    __rt_lib_shutdown_user_alloc_1           0x0800024b   Thumb Code     0  libshutdown2.o(.ARM.Collect$$libshutdown$$0000000C)
    __rt_entry                               0x0800024d   Thumb Code     0  __rtentry.o(.ARM.Collect$$rtentry$$00000000)
    __rt_entry_presh_1                       0x0800024d   Thumb Code     0  __rtentry2.o(.ARM.Collect$$rtentry$$00000002)
    __rt_entry_sh                            0x0800024d   Thumb Code     0  __rtentry4.o(.ARM.Collect$$rtentry$$00000004)
    __rt_entry_li                            0x08000253   Thumb Code     0  __rtentry2.o(.ARM.Collect$$rtentry$$0000000A)
    __rt_entry_postsh_1                      0x08000253   Thumb Code     0  __rtentry2.o(.ARM.Collect$$rtentry$$00000009)
    __rt_entry_main                          0x08000257   Thumb Code     0  __rtentry2.o(.ARM.Collect$$rtentry$$0000000D)
    __rt_entry_postli_1                      0x08000257   Thumb Code     0  __rtentry2.o(.ARM.Collect$$rtentry$$0000000C)
    __rt_exit                                0x0800025f   Thumb Code     0  rtexit.o(.ARM.Collect$$rtexit$$00000000)
    __rt_exit_ls                             0x08000261   Thumb Code     0  rtexit2.o(.ARM.Collect$$rtexit$$00000003)
    __rt_exit_prels_1                        0x08000261   Thumb Code     0  rtexit2.o(.ARM.Collect$$rtexit$$00000002)
    __rt_exit_exit                           0x08000265   Thumb Code     0  rtexit2.o(.ARM.Collect$$rtexit$$00000004)
    Reset_Handler                            0x0800026d   Thumb Code     8  startup_stm32f429xx.o(.text)
    _maybe_terminate_alloc                   0x0800026d   Thumb Code     0  maybetermalloc1.o(.emb_text)
    SysTick_Handler                          0x08000285   Thumb Code     2  startup_stm32f429xx.o(.text)
    ADC_IRQHandler                           0x08000287   Thumb Code     0  startup_stm32f429xx.o(.text)
    CAN1_RX0_IRQHandler                      0x08000287   Thumb Code     0  startup_stm32f429xx.o(.text)
    CAN1_RX1_IRQHandler                      0x08000287   Thumb Code     0  startup_stm32f429xx.o(.text)
    CAN1_SCE_IRQHandler                      0x08000287   Thumb Code     0  startup_stm32f429xx.o(.text)
    CAN1_TX_IRQHandler                       0x08000287   Thumb Code     0  startup_stm32f429xx.o(.text)
    CAN2_RX0_IRQHandler                      0x08000287   Thumb Code     0  startup_stm32f429xx.o(.text)
    CAN2_RX1_IRQHandler                      0x08000287   Thumb Code     0  startup_stm32f429xx.o(.text)
    CAN2_SCE_IRQHandler                      0x08000287   Thumb Code     0  startup_stm32f429xx.o(.text)
    CAN2_TX_IRQHandler                       0x08000287   Thumb Code     0  startup_stm32f429xx.o(.text)
    DCMI_IRQHandler                          0x08000287   Thumb Code     0  startup_stm32f429xx.o(.text)
    DMA1_Stream0_IRQHandler                  0x08000287   Thumb Code     0  startup_stm32f429xx.o(.text)
    DMA1_Stream1_IRQHandler                  0x08000287   Thumb Code     0  startup_stm32f429xx.o(.text)
    DMA1_Stream2_IRQHandler                  0x08000287   Thumb Code     0  startup_stm32f429xx.o(.text)
    DMA1_Stream3_IRQHandler                  0x08000287   Thumb Code     0  startup_stm32f429xx.o(.text)
    DMA1_Stream4_IRQHandler                  0x08000287   Thumb Code     0  startup_stm32f429xx.o(.text)
    DMA1_Stream5_IRQHandler                  0x08000287   Thumb Code     0  startup_stm32f429xx.o(.text)
    DMA1_Stream6_IRQHandler                  0x08000287   Thumb Code     0  startup_stm32f429xx.o(.text)
    DMA1_Stream7_IRQHandler                  0x08000287   Thumb Code     0  startup_stm32f429xx.o(.text)
    DMA2_Stream0_IRQHandler                  0x08000287   Thumb Code     0  startup_stm32f429xx.o(.text)
    DMA2_Stream1_IRQHandler                  0x08000287   Thumb Code     0  startup_stm32f429xx.o(.text)
    DMA2_Stream2_IRQHandler                  0x08000287   Thumb Code     0  startup_stm32f429xx.o(.text)
    DMA2_Stream3_IRQHandler                  0x08000287   Thumb Code     0  startup_stm32f429xx.o(.text)
    DMA2_Stream4_IRQHandler                  0x08000287   Thumb Code     0  startup_stm32f429xx.o(.text)
    DMA2_Stream5_IRQHandler                  0x08000287   Thumb Code     0  startup_stm32f429xx.o(.text)
    DMA2_Stream6_IRQHandler                  0x08000287   Thumb Code     0  startup_stm32f429xx.o(.text)
    DMA2_Stream7_IRQHandler                  0x08000287   Thumb Code     0  startup_stm32f429xx.o(.text)
    ETH_IRQHandler                           0x08000287   Thumb Code     0  startup_stm32f429xx.o(.text)
    ETH_WKUP_IRQHandler                      0x08000287   Thumb Code     0  startup_stm32f429xx.o(.text)
    EXTI0_IRQHandler                         0x08000287   Thumb Code     0  startup_stm32f429xx.o(.text)
    EXTI15_10_IRQHandler                     0x08000287   Thumb Code     0  startup_stm32f429xx.o(.text)
    EXTI1_IRQHandler                         0x08000287   Thumb Code     0  startup_stm32f429xx.o(.text)
    EXTI2_IRQHandler                         0x08000287   Thumb Code     0  startup_stm32f429xx.o(.text)
    EXTI3_IRQHandler                         0x08000287   Thumb Code     0  startup_stm32f429xx.o(.text)
    EXTI4_IRQHandler                         0x08000287   Thumb Code     0  startup_stm32f429xx.o(.text)
    EXTI9_5_IRQHandler                       0x08000287   Thumb Code     0  startup_stm32f429xx.o(.text)
    FLASH_IRQHandler                         0x08000287   Thumb Code     0  startup_stm32f429xx.o(.text)
    FMC_IRQHandler                           0x08000287   Thumb Code     0  startup_stm32f429xx.o(.text)
    FPU_IRQHandler                           0x08000287   Thumb Code     0  startup_stm32f429xx.o(.text)
    HASH_RNG_IRQHandler                      0x08000287   Thumb Code     0  startup_stm32f429xx.o(.text)
    I2C1_ER_IRQHandler                       0x08000287   Thumb Code     0  startup_stm32f429xx.o(.text)
    I2C1_EV_IRQHandler                       0x08000287   Thumb Code     0  startup_stm32f429xx.o(.text)
    I2C2_ER_IRQHandler                       0x08000287   Thumb Code     0  startup_stm32f429xx.o(.text)
    I2C2_EV_IRQHandler                       0x08000287   Thumb Code     0  startup_stm32f429xx.o(.text)
    I2C3_ER_IRQHandler                       0x08000287   Thumb Code     0  startup_stm32f429xx.o(.text)
    I2C3_EV_IRQHandler                       0x08000287   Thumb Code     0  startup_stm32f429xx.o(.text)
    LTDC_ER_IRQHandler                       0x08000287   Thumb Code     0  startup_stm32f429xx.o(.text)
    OTG_FS_IRQHandler                        0x08000287   Thumb Code     0  startup_stm32f429xx.o(.text)
    OTG_FS_WKUP_IRQHandler                   0x08000287   Thumb Code     0  startup_stm32f429xx.o(.text)
    OTG_HS_EP1_IN_IRQHandler                 0x08000287   Thumb Code     0  startup_stm32f429xx.o(.text)
    OTG_HS_EP1_OUT_IRQHandler                0x08000287   Thumb Code     0  startup_stm32f429xx.o(.text)
    OTG_HS_WKUP_IRQHandler                   0x08000287   Thumb Code     0  startup_stm32f429xx.o(.text)
    PVD_IRQHandler                           0x08000287   Thumb Code     0  startup_stm32f429xx.o(.text)
    RCC_IRQHandler                           0x08000287   Thumb Code     0  startup_stm32f429xx.o(.text)
    RTC_Alarm_IRQHandler                     0x08000287   Thumb Code     0  startup_stm32f429xx.o(.text)
    RTC_WKUP_IRQHandler                      0x08000287   Thumb Code     0  startup_stm32f429xx.o(.text)
    SAI1_IRQHandler                          0x08000287   Thumb Code     0  startup_stm32f429xx.o(.text)
    SDIO_IRQHandler                          0x08000287   Thumb Code     0  startup_stm32f429xx.o(.text)
    SPI1_IRQHandler                          0x08000287   Thumb Code     0  startup_stm32f429xx.o(.text)
    SPI2_IRQHandler                          0x08000287   Thumb Code     0  startup_stm32f429xx.o(.text)
    SPI3_IRQHandler                          0x08000287   Thumb Code     0  startup_stm32f429xx.o(.text)
    SPI4_IRQHandler                          0x08000287   Thumb Code     0  startup_stm32f429xx.o(.text)
    SPI5_IRQHandler                          0x08000287   Thumb Code     0  startup_stm32f429xx.o(.text)
    SPI6_IRQHandler                          0x08000287   Thumb Code     0  startup_stm32f429xx.o(.text)
    TAMP_STAMP_IRQHandler                    0x08000287   Thumb Code     0  startup_stm32f429xx.o(.text)
    TIM1_BRK_TIM9_IRQHandler                 0x08000287   Thumb Code     0  startup_stm32f429xx.o(.text)
    TIM1_CC_IRQHandler                       0x08000287   Thumb Code     0  startup_stm32f429xx.o(.text)
    TIM1_TRG_COM_TIM11_IRQHandler            0x08000287   Thumb Code     0  startup_stm32f429xx.o(.text)
    TIM1_UP_TIM10_IRQHandler                 0x08000287   Thumb Code     0  startup_stm32f429xx.o(.text)
    TIM2_IRQHandler                          0x08000287   Thumb Code     0  startup_stm32f429xx.o(.text)
    TIM3_IRQHandler                          0x08000287   Thumb Code     0  startup_stm32f429xx.o(.text)
    TIM4_IRQHandler                          0x08000287   Thumb Code     0  startup_stm32f429xx.o(.text)
    TIM5_IRQHandler                          0x08000287   Thumb Code     0  startup_stm32f429xx.o(.text)
    TIM7_IRQHandler                          0x08000287   Thumb Code     0  startup_stm32f429xx.o(.text)
    TIM8_BRK_TIM12_IRQHandler                0x08000287   Thumb Code     0  startup_stm32f429xx.o(.text)
    TIM8_CC_IRQHandler                       0x08000287   Thumb Code     0  startup_stm32f429xx.o(.text)
    TIM8_TRG_COM_TIM14_IRQHandler            0x08000287   Thumb Code     0  startup_stm32f429xx.o(.text)
    TIM8_UP_TIM13_IRQHandler                 0x08000287   Thumb Code     0  startup_stm32f429xx.o(.text)
    UART4_IRQHandler                         0x08000287   Thumb Code     0  startup_stm32f429xx.o(.text)
    UART5_IRQHandler                         0x08000287   Thumb Code     0  startup_stm32f429xx.o(.text)
    UART7_IRQHandler                         0x08000287   Thumb Code     0  startup_stm32f429xx.o(.text)
    UART8_IRQHandler                         0x08000287   Thumb Code     0  startup_stm32f429xx.o(.text)
    USART1_IRQHandler                        0x08000287   Thumb Code     0  startup_stm32f429xx.o(.text)
    USART2_IRQHandler                        0x08000287   Thumb Code     0  startup_stm32f429xx.o(.text)
    USART3_IRQHandler                        0x08000287   Thumb Code     0  startup_stm32f429xx.o(.text)
    USART6_IRQHandler                        0x08000287   Thumb Code     0  startup_stm32f429xx.o(.text)
    WWDG_IRQHandler                          0x08000287   Thumb Code     0  startup_stm32f429xx.o(.text)
    __user_initial_stackheap                 0x08000289   Thumb Code     0  startup_stm32f429xx.o(.text)
    __aeabi_uldivmod                         0x080002ad   Thumb Code     0  lludivv7m.o(.text)
    _ll_udiv                                 0x080002ad   Thumb Code   238  lludivv7m.o(.text)
    __2printf                                0x0800039d   Thumb Code    20  noretval__2printf.o(.text)
    __printf                                 0x080003b5   Thumb Code   104  __printf.o(.text)
    _printf_str                              0x0800041d   Thumb Code    82  _printf_str.o(.text)
    _printf_int_dec                          0x08000471   Thumb Code   104  _printf_dec.o(.text)
    __aeabi_memcpy4                          0x080004e9   Thumb Code     0  rt_memcpy_w.o(.text)
    __aeabi_memcpy8                          0x080004e9   Thumb Code     0  rt_memcpy_w.o(.text)
    __rt_memcpy_w                            0x080004e9   Thumb Code   100  rt_memcpy_w.o(.text)
    _memcpy_lastbytes_aligned                0x08000531   Thumb Code     0  rt_memcpy_w.o(.text)
    __aeabi_memclr4                          0x0800054d   Thumb Code     0  rt_memclr_w.o(.text)
    __aeabi_memclr8                          0x0800054d   Thumb Code     0  rt_memclr_w.o(.text)
    __rt_memclr_w                            0x0800054d   Thumb Code    78  rt_memclr_w.o(.text)
    _memset_w                                0x08000551   Thumb Code     0  rt_memclr_w.o(.text)
    __use_two_region_memory                  0x0800059b   Thumb Code     2  heapauxi.o(.text)
    __rt_heap_escrow                         0x0800059d   Thumb Code     2  heapauxi.o(.text)
    __rt_heap_expand                         0x0800059f   Thumb Code     2  heapauxi.o(.text)
    _printf_int_common                       0x080005a1   Thumb Code   178  _printf_intcommon.o(.text)
    _printf_cs_common                        0x08000653   Thumb Code    20  _printf_char.o(.text)
    _printf_char                             0x08000667   Thumb Code    16  _printf_char.o(.text)
    _printf_string                           0x08000677   Thumb Code     8  _printf_char.o(.text)
    _printf_char_file                        0x08000681   Thumb Code    32  _printf_char_file.o(.text)
    _printf_char_common                      0x080006af   Thumb Code    32  _printf_char_common.o(.text)
    ferror                                   0x080006d5   Thumb Code     8  ferror.o(.text)
    _initio                                  0x080006dd   Thumb Code   210  initio.o(.text)
    _terminateio                             0x080007af   Thumb Code    56  initio.o(.text)
    _sys_open                                0x08000815   Thumb Code    20  sys_io.o(.text)
    _sys_close                               0x08000829   Thumb Code    12  sys_io.o(.text)
    _sys_write                               0x08000835   Thumb Code    16  sys_io.o(.text)
    _sys_read                                0x08000845   Thumb Code    14  sys_io.o(.text)
    _sys_istty                               0x08000853   Thumb Code    12  sys_io.o(.text)
    _sys_seek                                0x0800085f   Thumb Code    14  sys_io.o(.text)
    _sys_ensure                              0x0800086d   Thumb Code     2  sys_io.o(.text)
    _sys_flen                                0x0800086f   Thumb Code    12  sys_io.o(.text)
    __user_setup_stackheap                   0x0800087b   Thumb Code    74  sys_stackheap_outer.o(.text)
    malloc                                   0x080008c5   Thumb Code    94  h1_alloc.o(.text)
    free                                     0x08000923   Thumb Code    78  h1_free.o(.text)
    __flsbuf                                 0x08000971   Thumb Code   470  flsbuf.o(.text)
    __flsbuf_byte                            0x08000971   Thumb Code     0  flsbuf.o(.text)
    __flsbuf_wide                            0x08000971   Thumb Code     0  flsbuf.o(.text)
    setvbuf                                  0x08000b47   Thumb Code    70  setvbuf.o(.text)
    freopen                                  0x08000b8d   Thumb Code   158  fopen.o(.text)
    fopen                                    0x08000c2b   Thumb Code    74  fopen.o(.text)
    _fclose_internal                         0x08000c79   Thumb Code    76  fclose.o(.text)
    fclose                                   0x08000c79   Thumb Code     0  fclose.o(.text)
    exit                                     0x08000cc5   Thumb Code    18  exit.o(.text)
    __rt_SIGRTRED                            0x08000cd7   Thumb Code    14  defsig_rtred_outer.o(.text)
    _sys_exit                                0x08000ce5   Thumb Code     8  sys_exit.o(.text)
    __user_libspace                          0x08000cf1   Thumb Code     8  libspace.o(.text)
    __user_perproc_libspace                  0x08000cf1   Thumb Code     0  libspace.o(.text)
    __user_perthread_libspace                0x08000cf1   Thumb Code     0  libspace.o(.text)
    __I$use$semihosting                      0x08000cf9   Thumb Code     0  use_no_semi.o(.text)
    __use_no_semihosting_swi                 0x08000cf9   Thumb Code     2  use_no_semi.o(.text)
    __semihosting_library_function           0x08000cfb   Thumb Code     0  indicate_semi.o(.text)
    __rt_heap_descriptor                     0x08000cfd   Thumb Code     8  rt_heap_descriptor_intlibspace.o(.text)
    __use_no_heap                            0x08000d05   Thumb Code     2  hguard.o(.text)
    __heap$guard                             0x08000d07   Thumb Code     2  hguard.o(.text)
    _terminate_user_alloc                    0x08000d09   Thumb Code     2  init_alloc.o(.text)
    _init_user_alloc                         0x08000d0b   Thumb Code     2  init_alloc.o(.text)
    __Heap_Full                              0x08000d0d   Thumb Code    34  init_alloc.o(.text)
    __Heap_Broken                            0x08000d2f   Thumb Code     6  init_alloc.o(.text)
    _init_alloc                              0x08000d35   Thumb Code    94  init_alloc.o(.text)
    __Heap_Initialize                        0x08000d93   Thumb Code    10  h1_init.o(.text)
    __Heap_DescSize                          0x08000d9d   Thumb Code     4  h1_init.o(.text)
    _fseek                                   0x08000da1   Thumb Code   242  fseek.o(.text)
    fseek                                    0x08000da1   Thumb Code     0  fseek.o(.text)
    _seterr                                  0x08000e99   Thumb Code    20  stdio.o(.text)
    _writebuf                                0x08000ead   Thumb Code    84  stdio.o(.text)
    _fflush                                  0x08000f01   Thumb Code    70  stdio.o(.text)
    _deferredlazyseek                        0x08000f47   Thumb Code    60  stdio.o(.text)
    __sig_exit                               0x08000f89   Thumb Code    10  defsig_exit.o(.text)
    __rt_SIGRTRED_inner                      0x08000f95   Thumb Code    14  defsig_rtred_inner.o(.text)
    strlen                                   0x08000fc9   Thumb Code    62  strlen.o(.text)
    __Heap_ProvideMemory                     0x08001007   Thumb Code    52  h1_extend.o(.text)
    _ftell_internal                          0x0800103b   Thumb Code    66  ftell.o(.text)
    ftell                                    0x0800103b   Thumb Code     0  ftell.o(.text)
    __default_signal_display                 0x0800107d   Thumb Code    50  defsig_general.o(.text)
    __rt_SIGRTMEM                            0x080010af   Thumb Code    14  defsig_rtmem_outer.o(.text)
    _ttywrch                                 0x080010bd   Thumb Code    14  sys_wrch.o(.text)
    __aeabi_errno_addr                       0x080010cd   Thumb Code     8  rt_errno_addr_intlibspace.o(.text)
    __errno$intlibspace                      0x080010cd   Thumb Code     0  rt_errno_addr_intlibspace.o(.text)
    __rt_errno_addr$intlibspace              0x080010cd   Thumb Code     0  rt_errno_addr_intlibspace.o(.text)
    __rt_SIGRTMEM_inner                      0x080010d5   Thumb Code    22  defsig_rtmem_inner.o(.text)
    BusFault_Handler                         0x08001125   Thumb Code     2  stm32f4xx_it.o(i.BusFault_Handler)
    DMA2D_IRQHandler                         0x08001129   Thumb Code     6  stm32f4xx_it.o(i.DMA2D_IRQHandler)
    DebugMon_Handler                         0x08001135   Thumb Code     2  stm32f4xx_it.o(i.DebugMon_Handler)
    Error_Handler                            0x08001137   Thumb Code     2  main.o(i.Error_Handler)
    FMC_SDRAM_Init                           0x08001139   Thumb Code    80  stm32f4xx_ll_fmc.o(i.FMC_SDRAM_Init)
    FMC_SDRAM_Timing_Init                    0x08001189   Thumb Code   124  stm32f4xx_ll_fmc.o(i.FMC_SDRAM_Timing_Init)
    HAL_CRC_Init                             0x08001209   Thumb Code    34  stm32f4xx_hal_crc.o(i.HAL_CRC_Init)
    HAL_CRC_MspInit                          0x0800122d   Thumb Code    30  crc.o(i.HAL_CRC_MspInit)
    HAL_DMA2D_CLUTLoadingCpltCallback        0x08001255   Thumb Code     2  stm32f4xx_hal_dma2d.o(i.HAL_DMA2D_CLUTLoadingCpltCallback)
    HAL_DMA2D_ConfigLayer                    0x08001259   Thumb Code   158  stm32f4xx_hal_dma2d.o(i.HAL_DMA2D_ConfigLayer)
    HAL_DMA2D_IRQHandler                     0x080012fd   Thumb Code   286  stm32f4xx_hal_dma2d.o(i.HAL_DMA2D_IRQHandler)
    HAL_DMA2D_Init                           0x0800141b   Thumb Code    90  stm32f4xx_hal_dma2d.o(i.HAL_DMA2D_Init)
    HAL_DMA2D_LineEventCallback              0x08001475   Thumb Code     2  stm32f4xx_hal_dma2d.o(i.HAL_DMA2D_LineEventCallback)
    HAL_DMA2D_MspInit                        0x08001479   Thumb Code    50  dma2d.o(i.HAL_DMA2D_MspInit)
    HAL_Delay                                0x080014b5   Thumb Code    32  stm32f4xx_hal.o(i.HAL_Delay)
    HAL_GPIO_Init                            0x080014d9   Thumb Code   414  stm32f4xx_hal_gpio.o(i.HAL_GPIO_Init)
    HAL_GPIO_WritePin                        0x080016ad   Thumb Code    10  stm32f4xx_hal_gpio.o(i.HAL_GPIO_WritePin)
    HAL_GetTick                              0x080016b9   Thumb Code     6  stm32f4xx_hal.o(i.HAL_GetTick)
    HAL_HCD_Connect_Callback                 0x080016c5   Thumb Code     2  stm32f4xx_hal_hcd.o(i.HAL_HCD_Connect_Callback)
    HAL_HCD_Disconnect_Callback              0x080016c7   Thumb Code     2  stm32f4xx_hal_hcd.o(i.HAL_HCD_Disconnect_Callback)
    HAL_HCD_HC_NotifyURBChange_Callback      0x080016c9   Thumb Code     2  stm32f4xx_hal_hcd.o(i.HAL_HCD_HC_NotifyURBChange_Callback)
    HAL_HCD_IRQHandler                       0x080016cd   Thumb Code   304  stm32f4xx_hal_hcd.o(i.HAL_HCD_IRQHandler)
    HAL_HCD_Init                             0x080017fd   Thumb Code   114  stm32f4xx_hal_hcd.o(i.HAL_HCD_Init)
    HAL_HCD_MspInit                          0x08001871   Thumb Code   124  usb_otg.o(i.HAL_HCD_MspInit)
    HAL_HCD_PortDisabled_Callback            0x080018f9   Thumb Code     2  stm32f4xx_hal_hcd.o(i.HAL_HCD_PortDisabled_Callback)
    HAL_HCD_PortEnabled_Callback             0x080018fb   Thumb Code     2  stm32f4xx_hal_hcd.o(i.HAL_HCD_PortEnabled_Callback)
    HAL_HCD_SOF_Callback                     0x080018fd   Thumb Code     2  stm32f4xx_hal_hcd.o(i.HAL_HCD_SOF_Callback)
    HAL_I2CEx_ConfigAnalogFilter             0x080018ff   Thumb Code    66  stm32f4xx_hal_i2c_ex.o(i.HAL_I2CEx_ConfigAnalogFilter)
    HAL_I2CEx_ConfigDigitalFilter            0x08001941   Thumb Code    62  stm32f4xx_hal_i2c_ex.o(i.HAL_I2CEx_ConfigDigitalFilter)
    HAL_I2C_Init                             0x08001981   Thumb Code   376  stm32f4xx_hal_i2c.o(i.HAL_I2C_Init)
    HAL_I2C_MspInit                          0x08001b09   Thumb Code   126  i2c.o(i.HAL_I2C_MspInit)
    HAL_IncTick                              0x08001b99   Thumb Code    12  stm32f4xx_hal.o(i.HAL_IncTick)
    HAL_Init                                 0x08001ba9   Thumb Code    48  stm32f4xx_hal.o(i.HAL_Init)
    HAL_InitTick                             0x08001bdd   Thumb Code   100  stm32f4xx_hal_timebase_tim.o(i.HAL_InitTick)
    HAL_LTDC_ConfigLayer                     0x08001c51   Thumb Code    82  stm32f4xx_hal_ltdc.o(i.HAL_LTDC_ConfigLayer)
    HAL_LTDC_ErrorCallback                   0x08001ca3   Thumb Code     2  stm32f4xx_hal_ltdc.o(i.HAL_LTDC_ErrorCallback)
    HAL_LTDC_IRQHandler                      0x08001ca5   Thumb Code   202  stm32f4xx_hal_ltdc.o(i.HAL_LTDC_IRQHandler)
    HAL_LTDC_Init                            0x08001d71   Thumb Code   238  stm32f4xx_hal_ltdc.o(i.HAL_LTDC_Init)
    HAL_LTDC_LineEventCallback               0x08001e65   Thumb Code     2  stm32f4xx_hal_ltdc.o(i.HAL_LTDC_LineEventCallback)
    HAL_LTDC_MspInit                         0x08001e69   Thumb Code   356  ltdc.o(i.HAL_LTDC_MspInit)
    HAL_LTDC_ReloadEventCallback             0x08001fed   Thumb Code     2  stm32f4xx_hal_ltdc.o(i.HAL_LTDC_ReloadEventCallback)
    HAL_MspInit                              0x08001ff1   Thumb Code    42  stm32f4xx_hal_msp.o(i.HAL_MspInit)
    HAL_NVIC_EnableIRQ                       0x08002021   Thumb Code    26  stm32f4xx_hal_cortex.o(i.HAL_NVIC_EnableIRQ)
    HAL_NVIC_SetPriority                     0x0800203d   Thumb Code    60  stm32f4xx_hal_cortex.o(i.HAL_NVIC_SetPriority)
    HAL_NVIC_SetPriorityGrouping             0x0800207d   Thumb Code    26  stm32f4xx_hal_cortex.o(i.HAL_NVIC_SetPriorityGrouping)
    HAL_RCCEx_PeriphCLKConfig                0x080020a1   Thumb Code   560  stm32f4xx_hal_rcc_ex.o(i.HAL_RCCEx_PeriphCLKConfig)
    HAL_RCC_ClockConfig                      0x080022f5   Thumb Code   288  stm32f4xx_hal_rcc.o(i.HAL_RCC_ClockConfig)
    HAL_RCC_GetClockConfig                   0x08002429   Thumb Code    54  stm32f4xx_hal_rcc.o(i.HAL_RCC_GetClockConfig)
    HAL_RCC_GetPCLK1Freq                     0x08002469   Thumb Code    20  stm32f4xx_hal_rcc.o(i.HAL_RCC_GetPCLK1Freq)
    HAL_RCC_GetPCLK2Freq                     0x08002489   Thumb Code    20  stm32f4xx_hal_rcc.o(i.HAL_RCC_GetPCLK2Freq)
    HAL_RCC_GetSysClockFreq                  0x080024a9   Thumb Code    88  stm32f4xx_hal_rcc.o(i.HAL_RCC_GetSysClockFreq)
    HAL_RCC_OscConfig                        0x08002509   Thumb Code   840  stm32f4xx_hal_rcc.o(i.HAL_RCC_OscConfig)
    HAL_SDRAM_Init                           0x08002865   Thumb Code    66  stm32f4xx_hal_sdram.o(i.HAL_SDRAM_Init)
    HAL_SDRAM_MspInit                        0x080028a7   Thumb Code     4  fmc.o(i.HAL_SDRAM_MspInit)
    HAL_SPI_Init                             0x080028ab   Thumb Code   128  stm32f4xx_hal_spi.o(i.HAL_SPI_Init)
    HAL_SPI_MspInit                          0x0800292d   Thumb Code    92  spi.o(i.HAL_SPI_MspInit)
    HAL_TIMEx_BreakCallback                  0x08002995   Thumb Code     2  stm32f4xx_hal_tim_ex.o(i.HAL_TIMEx_BreakCallback)
    HAL_TIMEx_CommutCallback                 0x08002997   Thumb Code     2  stm32f4xx_hal_tim_ex.o(i.HAL_TIMEx_CommutCallback)
    HAL_TIMEx_MasterConfigSynchronization    0x08002999   Thumb Code   116  stm32f4xx_hal_tim_ex.o(i.HAL_TIMEx_MasterConfigSynchronization)
    HAL_TIM_Base_Init                        0x08002a29   Thumb Code    54  stm32f4xx_hal_tim.o(i.HAL_TIM_Base_Init)
    HAL_TIM_Base_MspInit                     0x08002a61   Thumb Code    30  tim.o(i.HAL_TIM_Base_MspInit)
    HAL_TIM_Base_Start_IT                    0x08002a89   Thumb Code    34  stm32f4xx_hal_tim.o(i.HAL_TIM_Base_Start_IT)
    HAL_TIM_ConfigClockSource                0x08002aab   Thumb Code   214  stm32f4xx_hal_tim.o(i.HAL_TIM_ConfigClockSource)
    HAL_TIM_IC_CaptureCallback               0x08002b81   Thumb Code     2  stm32f4xx_hal_tim.o(i.HAL_TIM_IC_CaptureCallback)
    HAL_TIM_IRQHandler                       0x08002b83   Thumb Code   358  stm32f4xx_hal_tim.o(i.HAL_TIM_IRQHandler)
    HAL_TIM_OC_DelayElapsedCallback          0x08002ce9   Thumb Code     2  stm32f4xx_hal_tim.o(i.HAL_TIM_OC_DelayElapsedCallback)
    HAL_TIM_PWM_PulseFinishedCallback        0x08002ceb   Thumb Code     2  stm32f4xx_hal_tim.o(i.HAL_TIM_PWM_PulseFinishedCallback)
    HAL_TIM_PWM_Start_IT                     0x08002ced   Thumb Code   108  stm32f4xx_hal_tim.o(i.HAL_TIM_PWM_Start_IT)
    HAL_TIM_PeriodElapsedCallback            0x08002d61   Thumb Code    14  main.o(i.HAL_TIM_PeriodElapsedCallback)
    HAL_TIM_TriggerCallback                  0x08002d75   Thumb Code     2  stm32f4xx_hal_tim.o(i.HAL_TIM_TriggerCallback)
    HAL_UART_Init                            0x08002d77   Thumb Code    98  stm32f4xx_hal_uart.o(i.HAL_UART_Init)
    HAL_UART_MspInit                         0x08002dd9   Thumb Code    94  usart.o(i.HAL_UART_MspInit)
    HardFault_Handler                        0x08002e45   Thumb Code     2  stm32f4xx_it.o(i.HardFault_Handler)
    LTDC_IRQHandler                          0x08002e49   Thumb Code     6  stm32f4xx_it.o(i.LTDC_IRQHandler)
    MX_CRC_Init                              0x08002e55   Thumb Code    28  crc.o(i.MX_CRC_Init)
    MX_DMA2D_Init                            0x08002e79   Thumb Code    56  dma2d.o(i.MX_DMA2D_Init)
    MX_FMC_Init                              0x08002eb9   Thumb Code    96  fmc.o(i.MX_FMC_Init)
    MX_GPIO_Init                             0x08002f21   Thumb Code   352  gpio.o(i.MX_GPIO_Init)
    MX_I2C3_Init                             0x0800309d   Thumb Code    78  i2c.o(i.MX_I2C3_Init)
    MX_LTDC_Init                             0x080030f9   Thumb Code   168  ltdc.o(i.MX_LTDC_Init)
    MX_SPI5_Init                             0x080031a9   Thumb Code    62  spi.o(i.MX_SPI5_Init)
    MX_TIM1_Init                             0x080031f1   Thumb Code    90  tim.o(i.MX_TIM1_Init)
    MX_USART1_UART_Init                      0x08003255   Thumb Code    48  usart.o(i.MX_USART1_UART_Init)
    MX_USB_OTG_HS_HCD_Init                   0x0800328d   Thumb Code    50  usb_otg.o(i.MX_USB_OTG_HS_HCD_Init)
    MemManage_Handler                        0x080032c9   Thumb Code     2  stm32f4xx_it.o(i.MemManage_Handler)
    NMI_Handler                              0x080032cb   Thumb Code     2  stm32f4xx_it.o(i.NMI_Handler)
    OTG_HS_IRQHandler                        0x080032cd   Thumb Code     6  stm32f4xx_it.o(i.OTG_HS_IRQHandler)
    PendSV_Handler                           0x080032d9   Thumb Code     2  stm32f4xx_it.o(i.PendSV_Handler)
    SVC_Handler                              0x080032db   Thumb Code     2  stm32f4xx_it.o(i.SVC_Handler)
    SystemInit                               0x080032dd   Thumb Code    22  system_stm32f4xx.o(i.SystemInit)
    TIM6_DAC_IRQHandler                      0x080032f9   Thumb Code     6  stm32f4xx_it.o(i.TIM6_DAC_IRQHandler)
    TIM_Base_SetConfig                       0x08003305   Thumb Code   156  stm32f4xx_hal_tim.o(i.TIM_Base_SetConfig)
    TIM_CCxChannelCmd                        0x080033cd   Thumb Code    26  stm32f4xx_hal_tim.o(i.TIM_CCxChannelCmd)
    TIM_ETR_SetConfig                        0x080033e7   Thumb Code    20  stm32f4xx_hal_tim.o(i.TIM_ETR_SetConfig)
    USB_CoreInit                             0x080033fd   Thumb Code   112  stm32f4xx_ll_usb.o(i.USB_CoreInit)
    USB_DisableGlobalInt                     0x08003471   Thumb Code    12  stm32f4xx_ll_usb.o(i.USB_DisableGlobalInt)
    USB_DriveVbus                            0x0800347d   Thumb Code    44  stm32f4xx_ll_usb.o(i.USB_DriveVbus)
    USB_FlushRxFifo                          0x080034a9   Thumb Code    28  stm32f4xx_ll_usb.o(i.USB_FlushRxFifo)
    USB_FlushTxFifo                          0x080034c9   Thumb Code    32  stm32f4xx_ll_usb.o(i.USB_FlushTxFifo)
    USB_GetMode                              0x080034ed   Thumb Code     8  stm32f4xx_ll_usb.o(i.USB_GetMode)
    USB_HC_Halt                              0x080034f5   Thumb Code   194  stm32f4xx_ll_usb.o(i.USB_HC_Halt)
    USB_HC_ReadInterrupt                     0x080035b7   Thumb Code     8  stm32f4xx_ll_usb.o(i.USB_HC_ReadInterrupt)
    USB_HostInit                             0x080035c1   Thumb Code   194  stm32f4xx_ll_usb.o(i.USB_HostInit)
    USB_InitFSLSPClkSel                      0x08003699   Thumb Code    54  stm32f4xx_ll_usb.o(i.USB_InitFSLSPClkSel)
    USB_ReadInterrupts                       0x080036cf   Thumb Code     8  stm32f4xx_ll_usb.o(i.USB_ReadInterrupts)
    USB_ReadPacket                           0x080036d7   Thumb Code    28  stm32f4xx_ll_usb.o(i.USB_ReadPacket)
    USB_SetCurrentMode                       0x080036f3   Thumb Code    46  stm32f4xx_ll_usb.o(i.USB_SetCurrentMode)
    UsageFault_Handler                       0x08003721   Thumb Code     2  stm32f4xx_it.o(i.UsageFault_Handler)
    SystemClock_Config()                     0x08003725   Thumb Code   150  main.o(i._Z18SystemClock_Configv)
    setup()                                  0x080037c5   Thumb Code   148  pioneer.o(i._Z5setupv)
    StepperMotor::run(ROT_DIRECTION, unsigned, unsigned) 0x08003899   Thumb Code   150  motors.o(i._ZN12StepperMotor3runE13ROT_DIRECTIONjj)
    StepperMotor::setting(unsigned, const char*, RUNSTATE, unsigned, unsigned) 0x0800392f   Thumb Code    18  pioneer.o(i._ZN12StepperMotor7settingEjPKc8RUNSTATEjj)
    fputc                                    0x08004315   Thumb Code    26  fputc.o(i.fputc)
    main                                     0x0800432f   Thumb Code    54  main.o(i.main)
    _fp_init                                 0x08004365   Thumb Code    10  fpinit.o(x$fpl$fpinit)
    __fplib_config_fpu_vfp                   0x0800436d   Thumb Code     0  fpinit.o(x$fpl$fpinit)
    __fplib_config_pureend_doubles           0x0800436d   Thumb Code     0  fpinit.o(x$fpl$fpinit)
    AHBPrescTable                            0x0800436e   Data          16  system_stm32f4xx.o(.constdata)
    APBPrescTable                            0x0800437e   Data           8  system_stm32f4xx.o(.constdata)
    __stdin_name                             0x08004386   Data           4  sys_io.o(.constdata)
    __stdout_name                            0x0800438a   Data           4  sys_io.o(.constdata)
    __stderr_name                            0x0800438e   Data           4  sys_io.o(.constdata)
    Region$$Table$$Base                      0x08004394   Number         0  anon$$obj.o(Region$$Table)
    Region$$Table$$Limit                     0x080043b4   Number         0  anon$$obj.o(Region$$Table)
    FeedMotor                                0x20000000   Data           4  pioneer.o(.data)
    RotationMotor                            0x20000004   Data           4  pioneer.o(.data)
    hcrc                                     0x20000008   Data           8  crc.o(.data)
    uwTickFreq                               0x20000018   Data           1  stm32f4xx_hal.o(.data)
    uwTickPrio                               0x2000001c   Data           4  stm32f4xx_hal.o(.data)
    uwTick                                   0x20000020   Data           4  stm32f4xx_hal.o(.data)
    SystemCoreClock                          0x20000024   Data           4  system_stm32f4xx.o(.data)
    __aeabi_stdin                            0x20000028   Data           4  stdio_streams.o(.data)
    __aeabi_stdout                           0x2000002c   Data           4  stdio_streams.o(.data)
    __aeabi_stderr                           0x20000030   Data           4  stdio_streams.o(.data)
    htim5                                    0x20000034   Data          64  pioneer.o(.bss)
    hdma2d                                   0x20000074   Data          64  dma2d.o(.bss)
    hsdram1                                  0x200000b4   Data          52  fmc.o(.bss)
    hi2c3                                    0x200000e8   Data          84  i2c.o(.bss)
    hltdc                                    0x2000013c   Data         168  ltdc.o(.bss)
    hspi5                                    0x200001e4   Data          88  spi.o(.bss)
    htim1                                    0x2000023c   Data          64  tim.o(.bss)
    huart1                                   0x2000027c   Data          64  usart.o(.bss)
    hhcd_USB_OTG_HS                          0x200002bc   Data         708  usb_otg.o(.bss)
    htim6                                    0x20000580   Data          64  stm32f4xx_hal_timebase_tim.o(.bss)
    __stdin                                  0x200005c0   Data          84  stdio_streams.o(.bss)
    __stdout                                 0x20000614   Data          84  stdio_streams.o(.bss)
    __stderr                                 0x20000668   Data          84  stdio_streams.o(.bss)
    __libspace_start                         0x200006bc   Data          96  libspace.o(.bss)
    __temporary_stack_top$libspace           0x2000071c   Data           0  libspace.o(.bss)



==============================================================================

Memory Map of the image

  Image Entry point : 0x080001ad

  Load Region LR_IROM1 (Base: 0x08000000, Size: 0x000043e8, Max: 0x00200000, ABSOLUTE)

    Execution Region ER_IROM1 (Exec base: 0x08000000, Load base: 0x08000000, Size: 0x000043b4, Max: 0x00200000, ABSOLUTE)

    Exec Addr    Load Addr    Size         Type   Attr      Idx    E Section Name        Object

    0x08000000   0x08000000   0x000001ac   Data   RO            3    RESET               startup_stm32f429xx.o
    0x080001ac   0x080001ac   0x00000008   Code   RO         6709  * !!!main             c_w.l(__main.o)
    0x080001b4   0x080001b4   0x00000034   Code   RO         7214    !!!scatter          c_w.l(__scatter.o)
    0x080001e8   0x080001e8   0x0000001a   Code   RO         7216    !!handler_copy      c_w.l(__scatter_copy.o)
    0x08000202   0x08000202   0x00000002   PAD
    0x08000204   0x08000204   0x0000001c   Code   RO         7218    !!handler_zi        c_w.l(__scatter_zi.o)
    0x08000220   0x08000220   0x00000000   Code   RO         6702    .ARM.Collect$$_printf_percent$$00000000  c_w.l(_printf_percent.o)
    0x08000220   0x08000220   0x00000006   Code   RO         6701    .ARM.Collect$$_printf_percent$$00000009  c_w.l(_printf_d.o)
    0x08000226   0x08000226   0x00000006   Code   RO         6700    .ARM.Collect$$_printf_percent$$00000014  c_w.l(_printf_s.o)
    0x0800022c   0x0800022c   0x00000004   Code   RO         6828    .ARM.Collect$$_printf_percent$$00000017  c_w.l(_printf_percent_end.o)
    0x08000230   0x08000230   0x00000002   Code   RO         7002    .ARM.Collect$$libinit$$00000000  c_w.l(libinit.o)
    0x08000232   0x08000232   0x00000004   Code   RO         7003    .ARM.Collect$$libinit$$00000001  c_w.l(libinit2.o)
    0x08000236   0x08000236   0x00000000   Code   RO         7006    .ARM.Collect$$libinit$$00000004  c_w.l(libinit2.o)
    0x08000236   0x08000236   0x00000008   Code   RO         7007    .ARM.Collect$$libinit$$00000005  c_w.l(libinit2.o)
    0x0800023e   0x0800023e   0x00000000   Code   RO         7009    .ARM.Collect$$libinit$$0000000A  c_w.l(libinit2.o)
    0x0800023e   0x0800023e   0x00000000   Code   RO         7011    .ARM.Collect$$libinit$$0000000C  c_w.l(libinit2.o)
    0x0800023e   0x0800023e   0x00000000   Code   RO         7013    .ARM.Collect$$libinit$$0000000E  c_w.l(libinit2.o)
    0x0800023e   0x0800023e   0x00000000   Code   RO         7016    .ARM.Collect$$libinit$$00000011  c_w.l(libinit2.o)
    0x0800023e   0x0800023e   0x00000000   Code   RO         7018    .ARM.Collect$$libinit$$00000013  c_w.l(libinit2.o)
    0x0800023e   0x0800023e   0x00000000   Code   RO         7020    .ARM.Collect$$libinit$$00000015  c_w.l(libinit2.o)
    0x0800023e   0x0800023e   0x00000000   Code   RO         7022    .ARM.Collect$$libinit$$00000017  c_w.l(libinit2.o)
    0x0800023e   0x0800023e   0x00000000   Code   RO         7024    .ARM.Collect$$libinit$$00000019  c_w.l(libinit2.o)
    0x0800023e   0x0800023e   0x00000000   Code   RO         7026    .ARM.Collect$$libinit$$0000001B  c_w.l(libinit2.o)
    0x0800023e   0x0800023e   0x00000000   Code   RO         7028    .ARM.Collect$$libinit$$0000001D  c_w.l(libinit2.o)
    0x0800023e   0x0800023e   0x00000000   Code   RO         7030    .ARM.Collect$$libinit$$0000001F  c_w.l(libinit2.o)
    0x0800023e   0x0800023e   0x00000000   Code   RO         7032    .ARM.Collect$$libinit$$00000021  c_w.l(libinit2.o)
    0x0800023e   0x0800023e   0x00000000   Code   RO         7034    .ARM.Collect$$libinit$$00000023  c_w.l(libinit2.o)
    0x0800023e   0x0800023e   0x00000004   Code   RO         7035    .ARM.Collect$$libinit$$00000024  c_w.l(libinit2.o)
    0x08000242   0x08000242   0x00000000   Code   RO         7036    .ARM.Collect$$libinit$$00000025  c_w.l(libinit2.o)
    0x08000242   0x08000242   0x00000000   Code   RO         7040    .ARM.Collect$$libinit$$0000002C  c_w.l(libinit2.o)
    0x08000242   0x08000242   0x00000000   Code   RO         7042    .ARM.Collect$$libinit$$0000002E  c_w.l(libinit2.o)
    0x08000242   0x08000242   0x00000000   Code   RO         7044    .ARM.Collect$$libinit$$00000030  c_w.l(libinit2.o)
    0x08000242   0x08000242   0x00000000   Code   RO         7046    .ARM.Collect$$libinit$$00000032  c_w.l(libinit2.o)
    0x08000242   0x08000242   0x00000002   Code   RO         7047    .ARM.Collect$$libinit$$00000033  c_w.l(libinit2.o)
    0x08000244   0x08000244   0x00000002   Code   RO         7197    .ARM.Collect$$libshutdown$$00000000  c_w.l(libshutdown.o)
    0x08000246   0x08000246   0x00000000   Code   RO         7049    .ARM.Collect$$libshutdown$$00000002  c_w.l(libshutdown2.o)
    0x08000246   0x08000246   0x00000004   Code   RO         7050    .ARM.Collect$$libshutdown$$00000003  c_w.l(libshutdown2.o)
    0x0800024a   0x0800024a   0x00000000   Code   RO         7051    .ARM.Collect$$libshutdown$$00000004  c_w.l(libshutdown2.o)
    0x0800024a   0x0800024a   0x00000000   Code   RO         7054    .ARM.Collect$$libshutdown$$00000007  c_w.l(libshutdown2.o)
    0x0800024a   0x0800024a   0x00000000   Code   RO         7057    .ARM.Collect$$libshutdown$$0000000A  c_w.l(libshutdown2.o)
    0x0800024a   0x0800024a   0x00000000   Code   RO         7059    .ARM.Collect$$libshutdown$$0000000C  c_w.l(libshutdown2.o)
    0x0800024a   0x0800024a   0x00000000   Code   RO         7062    .ARM.Collect$$libshutdown$$0000000F  c_w.l(libshutdown2.o)
    0x0800024a   0x0800024a   0x00000002   Code   RO         7063    .ARM.Collect$$libshutdown$$00000010  c_w.l(libshutdown2.o)
    0x0800024c   0x0800024c   0x00000000   Code   RO         6817    .ARM.Collect$$rtentry$$00000000  c_w.l(__rtentry.o)
    0x0800024c   0x0800024c   0x00000000   Code   RO         6849    .ARM.Collect$$rtentry$$00000002  c_w.l(__rtentry2.o)
    0x0800024c   0x0800024c   0x00000006   Code   RO         6861    .ARM.Collect$$rtentry$$00000004  c_w.l(__rtentry4.o)
    0x08000252   0x08000252   0x00000000   Code   RO         6851    .ARM.Collect$$rtentry$$00000009  c_w.l(__rtentry2.o)
    0x08000252   0x08000252   0x00000004   Code   RO         6852    .ARM.Collect$$rtentry$$0000000A  c_w.l(__rtentry2.o)
    0x08000256   0x08000256   0x00000000   Code   RO         6854    .ARM.Collect$$rtentry$$0000000C  c_w.l(__rtentry2.o)
    0x08000256   0x08000256   0x00000008   Code   RO         6855    .ARM.Collect$$rtentry$$0000000D  c_w.l(__rtentry2.o)
    0x0800025e   0x0800025e   0x00000002   Code   RO         7077    .ARM.Collect$$rtexit$$00000000  c_w.l(rtexit.o)
    0x08000260   0x08000260   0x00000000   Code   RO         7139    .ARM.Collect$$rtexit$$00000002  c_w.l(rtexit2.o)
    0x08000260   0x08000260   0x00000004   Code   RO         7140    .ARM.Collect$$rtexit$$00000003  c_w.l(rtexit2.o)
    0x08000264   0x08000264   0x00000006   Code   RO         7141    .ARM.Collect$$rtexit$$00000004  c_w.l(rtexit2.o)
    0x0800026a   0x0800026a   0x00000002   PAD
    0x0800026c   0x0800026c   0x00000000   Code   RO         7147    .emb_text           c_w.l(maybetermalloc1.o)
    0x0800026c   0x0800026c   0x00000040   Code   RO            4    .text               startup_stm32f429xx.o
    0x080002ac   0x080002ac   0x000000ee   Code   RO         6668    .text               c_w.l(lludivv7m.o)
    0x0800039a   0x0800039a   0x00000002   PAD
    0x0800039c   0x0800039c   0x00000018   Code   RO         6672    .text               c_w.l(noretval__2printf.o)
    0x080003b4   0x080003b4   0x00000068   Code   RO         6674    .text               c_w.l(__printf.o)
    0x0800041c   0x0800041c   0x00000052   Code   RO         6676    .text               c_w.l(_printf_str.o)
    0x0800046e   0x0800046e   0x00000002   PAD
    0x08000470   0x08000470   0x00000078   Code   RO         6678    .text               c_w.l(_printf_dec.o)
    0x080004e8   0x080004e8   0x00000064   Code   RO         6703    .text               c_w.l(rt_memcpy_w.o)
    0x0800054c   0x0800054c   0x0000004e   Code   RO         6705    .text               c_w.l(rt_memclr_w.o)
    0x0800059a   0x0800059a   0x00000006   Code   RO         6707    .text               c_w.l(heapauxi.o)
    0x080005a0   0x080005a0   0x000000b2   Code   RO         6822    .text               c_w.l(_printf_intcommon.o)
    0x08000652   0x08000652   0x0000002c   Code   RO         6824    .text               c_w.l(_printf_char.o)
    0x0800067e   0x0800067e   0x00000002   PAD
    0x08000680   0x08000680   0x00000024   Code   RO         6826    .text               c_w.l(_printf_char_file.o)
    0x080006a4   0x080006a4   0x00000030   Code   RO         6865    .text               c_w.l(_printf_char_common.o)
    0x080006d4   0x080006d4   0x00000008   Code   RO         6867    .text               c_w.l(ferror.o)
    0x080006dc   0x080006dc   0x00000138   Code   RO         6873    .text               c_w.l(initio.o)
    0x08000814   0x08000814   0x00000066   Code   RO         6894    .text               c_w.l(sys_io.o)
    0x0800087a   0x0800087a   0x0000004a   Code   RO         6901    .text               c_w.l(sys_stackheap_outer.o)
    0x080008c4   0x080008c4   0x0000005e   Code   RO         6912    .text               c_w.l(h1_alloc.o)
    0x08000922   0x08000922   0x0000004e   Code   RO         6914    .text               c_w.l(h1_free.o)
    0x08000970   0x08000970   0x000001d6   Code   RO         6972    .text               c_w.l(flsbuf.o)
    0x08000b46   0x08000b46   0x00000046   Code   RO         6974    .text               c_w.l(setvbuf.o)
    0x08000b8c   0x08000b8c   0x000000ec   Code   RO         6977    .text               c_w.l(fopen.o)
    0x08000c78   0x08000c78   0x0000004c   Code   RO         6979    .text               c_w.l(fclose.o)
    0x08000cc4   0x08000cc4   0x00000012   Code   RO         6985    .text               c_w.l(exit.o)
    0x08000cd6   0x08000cd6   0x0000000e   Code   RO         6993    .text               c_w.l(defsig_rtred_outer.o)
    0x08000ce4   0x08000ce4   0x0000000c   Code   RO         7069    .text               c_w.l(sys_exit.o)
    0x08000cf0   0x08000cf0   0x00000008   Code   RO         7071    .text               c_w.l(libspace.o)
    0x08000cf8   0x08000cf8   0x00000002   Code   RO         7074    .text               c_w.l(use_no_semi.o)
    0x08000cfa   0x08000cfa   0x00000000   Code   RO         7076    .text               c_w.l(indicate_semi.o)
    0x08000cfa   0x08000cfa   0x00000002   PAD
    0x08000cfc   0x08000cfc   0x00000008   Code   RO         7084    .text               c_w.l(rt_heap_descriptor_intlibspace.o)
    0x08000d04   0x08000d04   0x00000004   Code   RO         7086    .text               c_w.l(hguard.o)
    0x08000d08   0x08000d08   0x0000008a   Code   RO         7088    .text               c_w.l(init_alloc.o)
    0x08000d92   0x08000d92   0x0000000e   Code   RO         7092    .text               c_w.l(h1_init.o)
    0x08000da0   0x08000da0   0x000000f8   Code   RO         7108    .text               c_w.l(fseek.o)
    0x08000e98   0x08000e98   0x000000f0   Code   RO         7110    .text               c_w.l(stdio.o)
    0x08000f88   0x08000f88   0x0000000a   Code   RO         7116    .text               c_w.l(defsig_exit.o)
    0x08000f92   0x08000f92   0x00000002   PAD
    0x08000f94   0x08000f94   0x00000034   Code   RO         7124    .text               c_w.l(defsig_rtred_inner.o)
    0x08000fc8   0x08000fc8   0x0000003e   Code   RO         7128    .text               c_w.l(strlen.o)
    0x08001006   0x08001006   0x00000034   Code   RO         7149    .text               c_w.l(h1_extend.o)
    0x0800103a   0x0800103a   0x00000042   Code   RO         7157    .text               c_w.l(ftell.o)
    0x0800107c   0x0800107c   0x00000032   Code   RO         7165    .text               c_w.l(defsig_general.o)
    0x080010ae   0x080010ae   0x0000000e   Code   RO         7169    .text               c_w.l(defsig_rtmem_outer.o)
    0x080010bc   0x080010bc   0x0000000e   Code   RO         7182    .text               c_w.l(sys_wrch.o)
    0x080010ca   0x080010ca   0x00000002   PAD
    0x080010cc   0x080010cc   0x00000008   Code   RO         7187    .text               c_w.l(rt_errno_addr_intlibspace.o)
    0x080010d4   0x080010d4   0x00000050   Code   RO         7191    .text               c_w.l(defsig_rtmem_inner.o)
    0x08001124   0x08001124   0x00000002   Code   RO         1014    i.BusFault_Handler  stm32f4xx_it.o
    0x08001126   0x08001126   0x00000002   PAD
    0x08001128   0x08001128   0x0000000c   Code   RO         1015    i.DMA2D_IRQHandler  stm32f4xx_it.o
    0x08001134   0x08001134   0x00000002   Code   RO         1016    i.DebugMon_Handler  stm32f4xx_it.o
    0x08001136   0x08001136   0x00000002   Code   RO          489    i.Error_Handler     main.o
    0x08001138   0x08001138   0x00000050   Code   RO         3012    i.FMC_SDRAM_Init    stm32f4xx_ll_fmc.o
    0x08001188   0x08001188   0x00000080   Code   RO         3016    i.FMC_SDRAM_Timing_Init  stm32f4xx_ll_fmc.o
    0x08001208   0x08001208   0x00000022   Code   RO         1311    i.HAL_CRC_Init      stm32f4xx_hal_crc.o
    0x0800122a   0x0800122a   0x00000002   PAD
    0x0800122c   0x0800122c   0x00000028   Code   RO          603    i.HAL_CRC_MspInit   crc.o
    0x08001254   0x08001254   0x00000002   Code   RO         2756    i.HAL_DMA2D_CLUTLoadingCpltCallback  stm32f4xx_hal_dma2d.o
    0x08001256   0x08001256   0x00000002   PAD
    0x08001258   0x08001258   0x000000a4   Code   RO         2764    i.HAL_DMA2D_ConfigLayer  stm32f4xx_hal_dma2d.o
    0x080012fc   0x080012fc   0x0000011e   Code   RO         2771    i.HAL_DMA2D_IRQHandler  stm32f4xx_hal_dma2d.o
    0x0800141a   0x0800141a   0x0000005a   Code   RO         2772    i.HAL_DMA2D_Init    stm32f4xx_hal_dma2d.o
    0x08001474   0x08001474   0x00000002   Code   RO         2773    i.HAL_DMA2D_LineEventCallback  stm32f4xx_hal_dma2d.o
    0x08001476   0x08001476   0x00000002   PAD
    0x08001478   0x08001478   0x0000003c   Code   RO          648    i.HAL_DMA2D_MspInit  dma2d.o
    0x080014b4   0x080014b4   0x00000024   Code   RO         2450    i.HAL_Delay         stm32f4xx_hal.o
    0x080014d8   0x080014d8   0x000001d4   Code   RO         1834    i.HAL_GPIO_Init     stm32f4xx_hal_gpio.o
    0x080016ac   0x080016ac   0x0000000a   Code   RO         1838    i.HAL_GPIO_WritePin  stm32f4xx_hal_gpio.o
    0x080016b6   0x080016b6   0x00000002   PAD
    0x080016b8   0x080016b8   0x0000000c   Code   RO         2458    i.HAL_GetTick       stm32f4xx_hal.o
    0x080016c4   0x080016c4   0x00000002   Code   RO         6078    i.HAL_HCD_Connect_Callback  stm32f4xx_hal_hcd.o
    0x080016c6   0x080016c6   0x00000002   Code   RO         6080    i.HAL_HCD_Disconnect_Callback  stm32f4xx_hal_hcd.o
    0x080016c8   0x080016c8   0x00000002   Code   RO         6089    i.HAL_HCD_HC_NotifyURBChange_Callback  stm32f4xx_hal_hcd.o
    0x080016ca   0x080016ca   0x00000002   PAD
    0x080016cc   0x080016cc   0x00000130   Code   RO         6091    i.HAL_HCD_IRQHandler  stm32f4xx_hal_hcd.o
    0x080017fc   0x080017fc   0x00000072   Code   RO         6092    i.HAL_HCD_Init      stm32f4xx_hal_hcd.o
    0x0800186e   0x0800186e   0x00000002   PAD
    0x08001870   0x08001870   0x00000088   Code   RO          970    i.HAL_HCD_MspInit   usb_otg.o
    0x080018f8   0x080018f8   0x00000002   Code   RO         6095    i.HAL_HCD_PortDisabled_Callback  stm32f4xx_hal_hcd.o
    0x080018fa   0x080018fa   0x00000002   Code   RO         6096    i.HAL_HCD_PortEnabled_Callback  stm32f4xx_hal_hcd.o
    0x080018fc   0x080018fc   0x00000002   Code   RO         6098    i.HAL_HCD_SOF_Callback  stm32f4xx_hal_hcd.o
    0x080018fe   0x080018fe   0x00000042   Code   RO         3877    i.HAL_I2CEx_ConfigAnalogFilter  stm32f4xx_hal_i2c_ex.o
    0x08001940   0x08001940   0x0000003e   Code   RO         3878    i.HAL_I2CEx_ConfigDigitalFilter  stm32f4xx_hal_i2c_ex.o
    0x0800197e   0x0800197e   0x00000002   PAD
    0x08001980   0x08001980   0x00000188   Code   RO         3389    i.HAL_I2C_Init      stm32f4xx_hal_i2c.o
    0x08001b08   0x08001b08   0x00000090   Code   RO          745    i.HAL_I2C_MspInit   i2c.o
    0x08001b98   0x08001b98   0x00000010   Code   RO         2464    i.HAL_IncTick       stm32f4xx_hal.o
    0x08001ba8   0x08001ba8   0x00000034   Code   RO         2465    i.HAL_Init          stm32f4xx_hal.o
    0x08001bdc   0x08001bdc   0x00000074   Code   RO         1145    i.HAL_InitTick      stm32f4xx_hal_timebase_tim.o
    0x08001c50   0x08001c50   0x00000052   Code   RO         3912    i.HAL_LTDC_ConfigLayer  stm32f4xx_hal_ltdc.o
    0x08001ca2   0x08001ca2   0x00000002   Code   RO         3925    i.HAL_LTDC_ErrorCallback  stm32f4xx_hal_ltdc.o
    0x08001ca4   0x08001ca4   0x000000ca   Code   RO         3928    i.HAL_LTDC_IRQHandler  stm32f4xx_hal_ltdc.o
    0x08001d6e   0x08001d6e   0x00000002   PAD
    0x08001d70   0x08001d70   0x000000f4   Code   RO         3929    i.HAL_LTDC_Init     stm32f4xx_hal_ltdc.o
    0x08001e64   0x08001e64   0x00000002   Code   RO         3930    i.HAL_LTDC_LineEventCallback  stm32f4xx_hal_ltdc.o
    0x08001e66   0x08001e66   0x00000002   PAD
    0x08001e68   0x08001e68   0x00000184   Code   RO          790    i.HAL_LTDC_MspInit  ltdc.o
    0x08001fec   0x08001fec   0x00000002   Code   RO         3935    i.HAL_LTDC_ReloadEventCallback  stm32f4xx_hal_ltdc.o
    0x08001fee   0x08001fee   0x00000002   PAD
    0x08001ff0   0x08001ff0   0x00000030   Code   RO         1120    i.HAL_MspInit       stm32f4xx_hal_msp.o
    0x08002020   0x08002020   0x0000001a   Code   RO         2294    i.HAL_NVIC_EnableIRQ  stm32f4xx_hal_cortex.o
    0x0800203a   0x0800203a   0x00000002   PAD
    0x0800203c   0x0800203c   0x00000040   Code   RO         2300    i.HAL_NVIC_SetPriority  stm32f4xx_hal_cortex.o
    0x0800207c   0x0800207c   0x00000024   Code   RO         2301    i.HAL_NVIC_SetPriorityGrouping  stm32f4xx_hal_cortex.o
    0x080020a0   0x080020a0   0x00000254   Code   RO         1496    i.HAL_RCCEx_PeriphCLKConfig  stm32f4xx_hal_rcc_ex.o
    0x080022f4   0x080022f4   0x00000134   Code   RO         1375    i.HAL_RCC_ClockConfig  stm32f4xx_hal_rcc.o
    0x08002428   0x08002428   0x00000040   Code   RO         1379    i.HAL_RCC_GetClockConfig  stm32f4xx_hal_rcc.o
    0x08002468   0x08002468   0x00000020   Code   RO         1382    i.HAL_RCC_GetPCLK1Freq  stm32f4xx_hal_rcc.o
    0x08002488   0x08002488   0x00000020   Code   RO         1383    i.HAL_RCC_GetPCLK2Freq  stm32f4xx_hal_rcc.o
    0x080024a8   0x080024a8   0x00000060   Code   RO         1384    i.HAL_RCC_GetSysClockFreq  stm32f4xx_hal_rcc.o
    0x08002508   0x08002508   0x0000035c   Code   RO         1387    i.HAL_RCC_OscConfig  stm32f4xx_hal_rcc.o
    0x08002864   0x08002864   0x00000042   Code   RO         3205    i.HAL_SDRAM_Init    stm32f4xx_hal_sdram.o
    0x080028a6   0x080028a6   0x00000004   Code   RO          693    i.HAL_SDRAM_MspInit  fmc.o
    0x080028aa   0x080028aa   0x00000080   Code   RO         4253    i.HAL_SPI_Init      stm32f4xx_hal_spi.o
    0x0800292a   0x0800292a   0x00000002   PAD
    0x0800292c   0x0800292c   0x00000068   Code   RO          835    i.HAL_SPI_MspInit   spi.o
    0x08002994   0x08002994   0x00000002   Code   RO         5408    i.HAL_TIMEx_BreakCallback  stm32f4xx_hal_tim_ex.o
    0x08002996   0x08002996   0x00000002   Code   RO         5409    i.HAL_TIMEx_CommutCallback  stm32f4xx_hal_tim_ex.o
    0x08002998   0x08002998   0x00000090   Code   RO         5426    i.HAL_TIMEx_MasterConfigSynchronization  stm32f4xx_hal_tim_ex.o
    0x08002a28   0x08002a28   0x00000036   Code   RO         4621    i.HAL_TIM_Base_Init  stm32f4xx_hal_tim.o
    0x08002a5e   0x08002a5e   0x00000002   PAD
    0x08002a60   0x08002a60   0x00000028   Code   RO          880    i.HAL_TIM_Base_MspInit  tim.o
    0x08002a88   0x08002a88   0x00000022   Code   RO         4626    i.HAL_TIM_Base_Start_IT  stm32f4xx_hal_tim.o
    0x08002aaa   0x08002aaa   0x000000d6   Code   RO         4630    i.HAL_TIM_ConfigClockSource  stm32f4xx_hal_tim.o
    0x08002b80   0x08002b80   0x00000002   Code   RO         4650    i.HAL_TIM_IC_CaptureCallback  stm32f4xx_hal_tim.o
    0x08002b82   0x08002b82   0x00000166   Code   RO         4664    i.HAL_TIM_IRQHandler  stm32f4xx_hal_tim.o
    0x08002ce8   0x08002ce8   0x00000002   Code   RO         4667    i.HAL_TIM_OC_DelayElapsedCallback  stm32f4xx_hal_tim.o
    0x08002cea   0x08002cea   0x00000002   Code   RO         4694    i.HAL_TIM_PWM_PulseFinishedCallback  stm32f4xx_hal_tim.o
    0x08002cec   0x08002cec   0x00000074   Code   RO         4698    i.HAL_TIM_PWM_Start_IT  stm32f4xx_hal_tim.o
    0x08002d60   0x08002d60   0x00000014   Code   RO          490    i.HAL_TIM_PeriodElapsedCallback  main.o
    0x08002d74   0x08002d74   0x00000002   Code   RO         4707    i.HAL_TIM_TriggerCallback  stm32f4xx_hal_tim.o
    0x08002d76   0x08002d76   0x00000062   Code   RO         5723    i.HAL_UART_Init     stm32f4xx_hal_uart.o
    0x08002dd8   0x08002dd8   0x0000006c   Code   RO          925    i.HAL_UART_MspInit  usart.o
    0x08002e44   0x08002e44   0x00000002   Code   RO         1017    i.HardFault_Handler  stm32f4xx_it.o
    0x08002e46   0x08002e46   0x00000002   PAD
    0x08002e48   0x08002e48   0x0000000c   Code   RO         1018    i.LTDC_IRQHandler   stm32f4xx_it.o
    0x08002e54   0x08002e54   0x00000024   Code   RO          604    i.MX_CRC_Init       crc.o
    0x08002e78   0x08002e78   0x00000040   Code   RO          649    i.MX_DMA2D_Init     dma2d.o
    0x08002eb8   0x08002eb8   0x00000068   Code   RO          694    i.MX_FMC_Init       fmc.o
    0x08002f20   0x08002f20   0x0000017c   Code   RO          577    i.MX_GPIO_Init      gpio.o
    0x0800309c   0x0800309c   0x0000005c   Code   RO          746    i.MX_I2C3_Init      i2c.o
    0x080030f8   0x080030f8   0x000000b0   Code   RO          791    i.MX_LTDC_Init      ltdc.o
    0x080031a8   0x080031a8   0x00000048   Code   RO          836    i.MX_SPI5_Init      spi.o
    0x080031f0   0x080031f0   0x00000064   Code   RO          881    i.MX_TIM1_Init      tim.o
    0x08003254   0x08003254   0x00000038   Code   RO          926    i.MX_USART1_UART_Init  usart.o
    0x0800328c   0x0800328c   0x0000003c   Code   RO          971    i.MX_USB_OTG_HS_HCD_Init  usb_otg.o
    0x080032c8   0x080032c8   0x00000002   Code   RO         1019    i.MemManage_Handler  stm32f4xx_it.o
    0x080032ca   0x080032ca   0x00000002   Code   RO         1020    i.NMI_Handler       stm32f4xx_it.o
    0x080032cc   0x080032cc   0x0000000c   Code   RO         1021    i.OTG_HS_IRQHandler  stm32f4xx_it.o
    0x080032d8   0x080032d8   0x00000002   Code   RO         1022    i.PendSV_Handler    stm32f4xx_it.o
    0x080032da   0x080032da   0x00000002   Code   RO         1023    i.SVC_Handler       stm32f4xx_it.o
    0x080032dc   0x080032dc   0x0000001c   Code   RO         6630    i.SystemInit        system_stm32f4xx.o
    0x080032f8   0x080032f8   0x0000000c   Code   RO         1024    i.TIM6_DAC_IRQHandler  stm32f4xx_it.o
    0x08003304   0x08003304   0x000000c8   Code   RO         4709    i.TIM_Base_SetConfig  stm32f4xx_hal_tim.o
    0x080033cc   0x080033cc   0x0000001a   Code   RO         4710    i.TIM_CCxChannelCmd  stm32f4xx_hal_tim.o
    0x080033e6   0x080033e6   0x00000014   Code   RO         4716    i.TIM_ETR_SetConfig  stm32f4xx_hal_tim.o
    0x080033fa   0x080033fa   0x00000002   PAD
    0x080033fc   0x080033fc   0x00000074   Code   RO         6286    i.USB_CoreInit      stm32f4xx_ll_usb.o
    0x08003470   0x08003470   0x0000000c   Code   RO         6293    i.USB_DisableGlobalInt  stm32f4xx_ll_usb.o
    0x0800347c   0x0800347c   0x0000002c   Code   RO         6295    i.USB_DriveVbus     stm32f4xx_ll_usb.o
    0x080034a8   0x080034a8   0x00000020   Code   RO         6302    i.USB_FlushRxFifo   stm32f4xx_ll_usb.o
    0x080034c8   0x080034c8   0x00000024   Code   RO         6303    i.USB_FlushTxFifo   stm32f4xx_ll_usb.o
    0x080034ec   0x080034ec   0x00000008   Code   RO         6307    i.USB_GetMode       stm32f4xx_ll_usb.o
    0x080034f4   0x080034f4   0x000000c2   Code   RO         6308    i.USB_HC_Halt       stm32f4xx_ll_usb.o
    0x080035b6   0x080035b6   0x00000008   Code   RO         6310    i.USB_HC_ReadInterrupt  stm32f4xx_ll_usb.o
    0x080035be   0x080035be   0x00000002   PAD
    0x080035c0   0x080035c0   0x000000d8   Code   RO         6312    i.USB_HostInit      stm32f4xx_ll_usb.o
    0x08003698   0x08003698   0x00000036   Code   RO         6313    i.USB_InitFSLSPClkSel  stm32f4xx_ll_usb.o
    0x080036ce   0x080036ce   0x00000008   Code   RO         6318    i.USB_ReadInterrupts  stm32f4xx_ll_usb.o
    0x080036d6   0x080036d6   0x0000001c   Code   RO         6319    i.USB_ReadPacket    stm32f4xx_ll_usb.o
    0x080036f2   0x080036f2   0x0000002e   Code   RO         6321    i.USB_SetCurrentMode  stm32f4xx_ll_usb.o
    0x08003720   0x08003720   0x00000002   Code   RO         1025    i.UsageFault_Handler  stm32f4xx_it.o
    0x08003722   0x08003722   0x00000002   PAD
    0x08003724   0x08003724   0x000000a0   Code   RO          491    i._Z18SystemClock_Configv  main.o
    0x080037c4   0x080037c4   0x000000d4   Code   RO           13    i._Z5setupv         pioneer.o
    0x08003898   0x08003898   0x00000096   Code   RO          337    i._ZN12StepperMotor3runE13ROT_DIRECTIONjj  motors.o
    0x0800392e   0x0800392e   0x00000012   Code   RO           38    i._ZN12StepperMotor7settingEjPKc8RUNSTATEjj  pioneer.o
    0x08003940   0x08003940   0x000000dc   Code   RO          695    i._ZN26_INTERNAL_5_fmc_c_cfd0c64215HAL_FMC_MspInitEv  fmc.o
    0x08003a1c   0x08003a1c   0x00000038   Code   RO         6328    i._ZN40_INTERNAL_18_stm32f4xx_ll_usb_c_832330cf13USB_CoreResetEP21USB_OTG_GlobalTypeDef  stm32f4xx_ll_usb.o
    0x08003a54   0x08003a54   0x00000094   Code   RO         6101    i._ZN41_INTERNAL_19_stm32f4xx_hal_hcd_c_95029a4d19HCD_Port_IRQHandlerEP17HCD_HandleTypeDef  stm32f4xx_hal_hcd.o
    0x08003ae8   0x08003ae8   0x00000278   Code   RO         6102    i._ZN41_INTERNAL_19_stm32f4xx_hal_hcd_c_95029a4d20HCD_HC_IN_IRQHandlerEP17HCD_HandleTypeDefh  stm32f4xx_hal_hcd.o
    0x08003d60   0x08003d60   0x00000244   Code   RO         6103    i._ZN41_INTERNAL_19_stm32f4xx_hal_hcd_c_95029a4d21HCD_HC_OUT_IRQHandlerEP17HCD_HandleTypeDefh  stm32f4xx_hal_hcd.o
    0x08003fa4   0x08003fa4   0x00000070   Code   RO         6104    i._ZN41_INTERNAL_19_stm32f4xx_hal_hcd_c_95029a4d21HCD_RXQLVL_IRQHandlerEP17HCD_HandleTypeDef  stm32f4xx_hal_hcd.o
    0x08004014   0x08004014   0x00000010   Code   RO         4724    i._ZN41_INTERNAL_19_stm32f4xx_hal_tim_c_a9d95b5218TIM_ITRx_SetConfigEP11TIM_TypeDefj  stm32f4xx_hal_tim.o
    0x08004024   0x08004024   0x00000022   Code   RO         4728    i._ZN41_INTERNAL_19_stm32f4xx_hal_tim_c_a9d95b5224TIM_TI1_ConfigInputStageEP11TIM_TypeDefjj  stm32f4xx_hal_tim.o
    0x08004046   0x08004046   0x00000024   Code   RO         4729    i._ZN41_INTERNAL_19_stm32f4xx_hal_tim_c_a9d95b5224TIM_TI2_ConfigInputStageEP11TIM_TypeDefjj  stm32f4xx_hal_tim.o
    0x0800406a   0x0800406a   0x00000162   Code   RO         3948    i._ZN42_INTERNAL_20_stm32f4xx_hal_ltdc_c_fa7241fd14LTDC_SetConfigEP18LTDC_HandleTypeDefP20LTDC_LayerCfgTypeDefj  stm32f4xx_hal_ltdc.o
    0x080041cc   0x080041cc   0x00000128   Code   RO         5737    i._ZN42_INTERNAL_20_stm32f4xx_hal_uart_c_d497114f14UART_SetConfigEP20__UART_HandleTypeDef  stm32f4xx_hal_uart.o
    0x080042f4   0x080042f4   0x00000020   Code   RO         2307    i._ZN44_INTERNAL_22_stm32f4xx_hal_cortex_c_2992dbc018__NVIC_SetPriorityE9IRQn_Typej  stm32f4xx_hal_cortex.o
    0x08004314   0x08004314   0x0000001a   Code   RO         6870    i.fputc             c_w.l(fputc.o)
    0x0800432e   0x0800432e   0x00000036   Code   RO          492    i.main              main.o
    0x08004364   0x08004364   0x0000000a   Code   RO         7134    x$fpl$fpinit        fz_wm.l(fpinit.o)
    0x0800436e   0x0800436e   0x00000010   Data   RO         6633    .constdata          system_stm32f4xx.o
    0x0800437e   0x0800437e   0x00000008   Data   RO         6634    .constdata          system_stm32f4xx.o
    0x08004386   0x08004386   0x00000004   Data   RO         6895    .constdata          c_w.l(sys_io.o)
    0x0800438a   0x0800438a   0x00000004   Data   RO         6896    .constdata          c_w.l(sys_io.o)
    0x0800438e   0x0800438e   0x00000004   Data   RO         6897    .constdata          c_w.l(sys_io.o)
    0x08004392   0x08004392   0x00000002   PAD
    0x08004394   0x08004394   0x00000020   Data   RO         7212    Region$$Table       anon$$obj.o


    Execution Region RW_IRAM2 (Exec base: 0x10000000, Load base: 0x080043e8, Size: 0x00000000, Max: 0x00010000, ABSOLUTE)

    **** No section assigned to this execution region ****


    Execution Region RW_IRAM1 (Exec base: 0x20000000, Load base: 0x080043b4, Size: 0x00000d20, Max: 0x00030000, ABSOLUTE)

    Exec Addr    Load Addr    Size         Type   Attr      Idx    E Section Name        Object

    0x20000000   0x080043b4   0x00000008   Data   RW           16    .data               pioneer.o
    0x20000008   0x080043bc   0x00000008   Data   RW          608    .data               crc.o
    0x20000010   0x080043c4   0x00000008   Data   RW          701    .data               fmc.o
    0x20000018   0x080043cc   0x0000000c   Data   RW         2501    .data               stm32f4xx_hal.o
    0x20000024   0x080043d8   0x00000004   Data   RW         6635    .data               system_stm32f4xx.o
    0x20000028   0x080043dc   0x00000004   Data   RW         6832    .data               c_w.l(stdio_streams.o)
    0x2000002c   0x080043e0   0x00000004   Data   RW         6833    .data               c_w.l(stdio_streams.o)
    0x20000030   0x080043e4   0x00000004   Data   RW         6834    .data               c_w.l(stdio_streams.o)
    0x20000034        -       0x00000040   Zero   RW           15    .bss                pioneer.o
    0x20000074        -       0x00000040   Zero   RW          653    .bss                dma2d.o
    0x200000b4        -       0x00000034   Zero   RW          700    .bss                fmc.o
    0x200000e8        -       0x00000054   Zero   RW          750    .bss                i2c.o
    0x2000013c        -       0x000000a8   Zero   RW          795    .bss                ltdc.o
    0x200001e4        -       0x00000058   Zero   RW          840    .bss                spi.o
    0x2000023c        -       0x00000040   Zero   RW          885    .bss                tim.o
    0x2000027c        -       0x00000040   Zero   RW          930    .bss                usart.o
    0x200002bc        -       0x000002c4   Zero   RW          975    .bss                usb_otg.o
    0x20000580        -       0x00000040   Zero   RW         1151    .bss                stm32f4xx_hal_timebase_tim.o
    0x200005c0        -       0x00000054   Zero   RW         6829    .bss                c_w.l(stdio_streams.o)
    0x20000614        -       0x00000054   Zero   RW         6830    .bss                c_w.l(stdio_streams.o)
    0x20000668        -       0x00000054   Zero   RW         6831    .bss                c_w.l(stdio_streams.o)
    0x200006bc        -       0x00000060   Zero   RW         7072    .bss                c_w.l(libspace.o)
    0x2000071c   0x080043e8   0x00000004   PAD
    0x20000720        -       0x00000200   Zero   RW            2    HEAP                startup_stm32f429xx.o
    0x20000920        -       0x00000400   Zero   RW            1    STACK               startup_stm32f429xx.o


==============================================================================

Image component sizes


      Code (inc. data)   RO Data    RW Data    ZI Data      Debug   Object Name

        76         18          0          8          0       1563   crc.o
       124         18          0          0         64       1649   dma2d.o
       328         40          0          8         52       2264   fmc.o
       380         28          0          0          0       1215   gpio.o
       236         32          0          0         84       1789   i2c.o
       564         40          0          0        168       2110   ltdc.o
       236         16          0          0          0       2700   main.o
       150          0          0          0          0       3092   motors.o
       230         64          0          8         64     799208   pioneer.o
       176         22          0          0         88       1721   spi.o
        64         26        428          0       1536        832   startup_stm32f429xx.o
       116         18          0         12          0       8814   stm32f4xx_hal.o
       158         14          0          0          0      33110   stm32f4xx_hal_cortex.o
        34          0          0          0          0       1047   stm32f4xx_hal_crc.o
       544          6          0          0          0       4222   stm32f4xx_hal_dma2d.o
       478         54          0          0          0       2408   stm32f4xx_hal_gpio.o
      1902          4          0          0          0       9741   stm32f4xx_hal_hcd.o
       392         16          0          0          0       3051   stm32f4xx_hal_i2c.o
       128          0          0          0          0       1847   stm32f4xx_hal_i2c_ex.o
       888          6          0          0          0       5386   stm32f4xx_hal_ltdc.o
        48          6          0          0          0        886   stm32f4xx_hal_msp.o
      1392         82          0          0          0       5829   stm32f4xx_hal_rcc.o
       596         36          0          0          0       1612   stm32f4xx_hal_rcc_ex.o
        66          0          0          0          0       1193   stm32f4xx_hal_sdram.o
       128          0          0          0          0       1163   stm32f4xx_hal_spi.o
      1116         52          0          0          0      11296   stm32f4xx_hal_tim.o
       148         28          0          0          0       2429   stm32f4xx_hal_tim_ex.o
       116         16          0          0         64     793443   stm32f4xx_hal_timebase_tim.o
       394         10          0          0          0       2040   stm32f4xx_hal_uart.o
        64         24          0          0          0       5603   stm32f4xx_it.o
       208          4          0          0          0       1981   stm32f4xx_ll_fmc.o
       858         40          0          0          0      10880   stm32f4xx_ll_usb.o
        28          6         24          4          0       1147   system_stm32f4xx.o
       140         20          0          0         64       1690   tim.o
       164         22          0          0         64       1746   usart.o
       196         22          0          0        708       1805   usb_otg.o

    ----------------------------------------------------------------------
     12902        790        484         40       2956    1732512   Object Totals
         0          0         32          0          0          0   (incl. Generated)
        36          0          0          0          0          0   (incl. Padding)

    ----------------------------------------------------------------------

      Code (inc. data)   RO Data    RW Data    ZI Data      Debug   Library Member Name

         8          0          0          0          0         68   __main.o
       104          0          0          0          0         84   __printf.o
         0          0          0          0          0          0   __rtentry.o
        12          0          0          0          0          0   __rtentry2.o
         6          0          0          0          0          0   __rtentry4.o
        52          8          0          0          0          0   __scatter.o
        26          0          0          0          0          0   __scatter_copy.o
        28          0          0          0          0          0   __scatter_zi.o
        44          0          0          0          0        108   _printf_char.o
        48          6          0          0          0         96   _printf_char_common.o
        36          4          0          0          0         80   _printf_char_file.o
         6          0          0          0          0          0   _printf_d.o
       120         16          0          0          0         92   _printf_dec.o
       178          0          0          0          0         88   _printf_intcommon.o
         0          0          0          0          0          0   _printf_percent.o
         4          0          0          0          0          0   _printf_percent_end.o
         6          0          0          0          0          0   _printf_s.o
        82          0          0          0          0         80   _printf_str.o
        10          0          0          0          0         68   defsig_exit.o
        50          0          0          0          0         88   defsig_general.o
        80         58          0          0          0         76   defsig_rtmem_inner.o
        14          0          0          0          0         80   defsig_rtmem_outer.o
        52         38          0          0          0         76   defsig_rtred_inner.o
        14          0          0          0          0         80   defsig_rtred_outer.o
        18          0          0          0          0         80   exit.o
        76          0          0          0          0         88   fclose.o
         8          0          0          0          0         68   ferror.o
       470          0          0          0          0         88   flsbuf.o
       236          4          0          0          0        128   fopen.o
        26          0          0          0          0         68   fputc.o
       248          6          0          0          0         84   fseek.o
        66          0          0          0          0         76   ftell.o
        94          0          0          0          0         80   h1_alloc.o
        52          0          0          0          0         68   h1_extend.o
        78          0          0          0          0         80   h1_free.o
        14          0          0          0          0         84   h1_init.o
         6          0          0          0          0        152   heapauxi.o
         4          0          0          0          0        136   hguard.o
         0          0          0          0          0          0   indicate_semi.o
       138          0          0          0          0        168   init_alloc.o
       312         46          0          0          0        112   initio.o
         2          0          0          0          0          0   libinit.o
        18          0          0          0          0          0   libinit2.o
         2          0          0          0          0          0   libshutdown.o
         6          0          0          0          0          0   libshutdown2.o
         8          4          0          0         96         68   libspace.o
       238          0          0          0          0        100   lludivv7m.o
         0          0          0          0          0          0   maybetermalloc1.o
        24          4          0          0          0         84   noretval__2printf.o
         8          4          0          0          0         68   rt_errno_addr_intlibspace.o
         8          4          0          0          0         68   rt_heap_descriptor_intlibspace.o
        78          0          0          0          0         80   rt_memclr_w.o
       100          0          0          0          0         80   rt_memcpy_w.o
         2          0          0          0          0          0   rtexit.o
        10          0          0          0          0          0   rtexit2.o
        70          0          0          0          0         80   setvbuf.o
       240          6          0          0          0        156   stdio.o
         0          0          0         12        252          0   stdio_streams.o
        62          0          0          0          0         76   strlen.o
        12          4          0          0          0         68   sys_exit.o
       102          0         12          0          0        240   sys_io.o
        74          0          0          0          0         80   sys_stackheap_outer.o
        14          0          0          0          0         76   sys_wrch.o
         2          0          0          0          0         68   use_no_semi.o
        10          0          0          0          0        116   fpinit.o

    ----------------------------------------------------------------------
      3932        212         14         12        352       4232   Library Totals
        16          0          2          0          4          0   (incl. Padding)

    ----------------------------------------------------------------------

      Code (inc. data)   RO Data    RW Data    ZI Data      Debug   Library Name

      3906        212         12         12        348       4116   c_w.l
        10          0          0          0          0        116   fz_wm.l

    ----------------------------------------------------------------------
      3932        212         14         12        352       4232   Library Totals

    ----------------------------------------------------------------------

==============================================================================


      Code (inc. data)   RO Data    RW Data    ZI Data      Debug   

     16834       1002        498         52       3308    1722860   Grand Totals
     16834       1002        498         52       3308    1722860   ELF Image Totals
     16834       1002        498         52          0          0   ROM Totals

==============================================================================

    Total RO  Size (Code + RO Data)                17332 (  16.93kB)
    Total RW  Size (RW Data + ZI Data)              3360 (   3.28kB)
    Total ROM Size (Code + RO Data + RW Data)      17384 (  16.98kB)

==============================================================================

